04-28 10:47:24.282  3072 23793 D PerProcessNandswap$NandswapHandler: nandswap start for non-activity com.samsung.android.app.routines(pid 29884) action:14 adj:925 type:1
04-28 10:47:24.283  3072  4650 D BackgroundInstallControlService: Package event received: 0
04-28 10:47:24.283  3072  4650 D BackgroundInstallControlService: Package event received: 0
04-28 10:47:24.283  3072  4650 D BackgroundInstallControlService: Package event received: 0
04-28 10:47:24.283  3072  4650 D BackgroundInstallControlService: Package event received: 0
04-28 10:47:24.283  3072  4650 D BackgroundInstallControlService: Package event received: 0
04-28 10:47:24.283  3072  4650 D BackgroundInstallControlService: Package event received: 0
04-28 10:47:24.284  3072  4650 D BackgroundInstallControlService: Package event received: 0
04-28 10:47:24.284  3072  4650 D BackgroundInstallControlService: Package event received: 0
04-28 10:47:24.284  3072  4650 D BackgroundInstallControlService: Package event received: 0
04-28 10:47:24.284  3072  4650 D BackgroundInstallControlService: Package event received: 0
04-28 10:47:24.284  3072  4650 D BackgroundInstallControlService: Package event received: 0
04-28 10:47:24.284  3072  4650 D BackgroundInstallControlService: Package event received: 0
04-28 10:47:24.284  3072  4650 D BackgroundInstallControlService: Package event received: 0
04-28 10:47:24.284  3072  4650 D BackgroundInstallControlService: Package event received: 0
04-28 10:47:24.284  3072  4650 D BackgroundInstallControlService: Package event received: 0
04-28 10:47:24.285  3072  4650 D BackgroundInstallControlService: Package event received: 0
04-28 10:47:24.285  3072  4650 D BackgroundInstallControlService: Package event received: 0
04-28 10:47:24.299  2096  2148 E HeatmapThread: ECT Thread time in milliseconds: 1777362444
04-28 10:47:24.302  2096  2148 D HeatmapThread: !@ batteryplugType : 2
04-28 10:47:24.302  2096  2148 D HeatmapThread: !@ batteryLevel : 86  batteryTemperature : 378 
04-28 10:47:24.302  2096  2148 D HeatmapThread: !@ Heatmap currtime: 29622707
04-28 10:47:24.303  2096  2148 D HeatmapThread: !@ Heatmap prevtime: 29622680
04-28 10:47:24.303  2096  2148 D HeatmapThread: !@ Heatmap plugstarttime: 29622695
04-28 10:47:24.303  2096  2148 D HeatmapThread: !@ Heatmap prevv_dsoh_update_time: 29622508
04-28 10:47:24.303  2096  2148 E HeatmapThread: !@ CAM New BSOH: 100
04-28 10:47:24.306  2452  2452 I CNSS    : /sys/wifi/max_chipset_log_size doesn't exist
04-28 10:47:24.448  3072 23793 D PerProcessNandswap$NandswapHandler: nandswap end for non-activity com.samsung.android.app.routines(pid 29884) ret:19038883840 adj:925
04-28 10:47:24.451  3072 23793 D PerProcessNandswap$NandswapHandler: nandswap start for non-activity com.samsung.android.provider.filterprovider(pid 29976) action:14 adj:925 type:1
04-28 10:47:24.486  3072 23793 D PerProcessNandswap$NandswapHandler: nandswap end for non-activity com.samsung.android.provider.filterprovider(pid 29976) ret:18569433088 adj:925
04-28 10:47:24.489  3072 23793 D PerProcessNandswap$NandswapHandler: nandswap start for non-activity com.android.vending:background(pid 29878) action:14 adj:925 type:1
04-28 10:47:24.635  8426  8426 I SDHMS:LOAD: type: LoadsFreqs, value: 3:0:0:672000:672000:672000:685439:2035200:499200:231:231:231
04-28 10:47:24.655  3072 23793 D PerProcessNandswap$NandswapHandler: nandswap end for non-activity com.android.vending:background(pid 29878) ret:19377311744 adj:925
04-28 10:47:24.658  3072 23793 D PerProcessNandswap$NandswapHandler: nandswap start for non-activity com.android.keychain(pid 29851) action:14 adj:925 type:1
04-28 10:47:24.691  3072 23793 D PerProcessNandswap$NandswapHandler: nandswap end for non-activity com.android.keychain(pid 29851) ret:18533662720 adj:925
04-28 10:47:24.693  3072 23793 D PerProcessNandswap$NandswapHandler: nandswap start for non-activity com.samsung.android.sm.devicesecurity(pid 26851) action:14 adj:935 type:1
04-28 10:47:24.717  3072 23793 D PerProcessNandswap$NandswapHandler: nandswap end for non-activity com.samsung.android.sm.devicesecurity(pid 26851) ret:18642718720 adj:935
04-28 10:47:24.719  3072 23793 D PerProcessNandswap$NandswapHandler: nandswap start for non-activity com.android.systemui:edgelighting(pid 19953) action:14 adj:935 type:1
04-28 10:47:24.763  3072  4287 E BatteryStatsService: Invalid uid for waking network packet: -1
04-28 10:47:24.887  3072 23793 D PerProcessNandswap$NandswapHandler: nandswap end for non-activity com.android.systemui:edgelighting(pid 19953) ret:19006451712 adj:935
04-28 10:47:24.891  3072 23793 D PerProcessNandswap$NandswapHandler: nandswap start for non-activity com.samsung.android.privateaccesstokens(pid 20290) action:14 adj:955 type:1
04-28 10:47:24.904  3072 23793 D PerProcessNandswap$NandswapHandler: nandswap end for non-activity com.samsung.android.privateaccesstokens(pid 20290) ret:18558062592 adj:955
04-28 10:47:24.907  3072 23793 D PerProcessNandswap$NandswapHandler: nandswap start for non-activity com.sec.android.daemonapp:weather_content_provider(pid 17226) action:14 adj:965 type:1
04-28 10:47:24.922  3072 23793 D PerProcessNandswap$NandswapHandler: nandswap end for non-activity com.sec.android.daemonapp:weather_content_provider(pid 17226) ret:19780648960 adj:965
04-28 10:47:24.924  3072 23793 D PerProcessNandswap$NandswapHandler: nandswap start for non-activity com.android.systemui:screenshot(pid 18416) action:14 adj:975 type:1
04-28 10:47:24.944  3072 23793 D PerProcessNandswap$NandswapHandler: nandswap end for non-activity com.android.systemui:screenshot(pid 18416) ret:19040272384 adj:975
04-28 10:47:25.101  3072  4701 D SemWifiSwitchForIndividualAppsService: isSkipNetworkCondition - result:2
04-28 10:47:25.218  3072  3094 I system_server: Background young concurrent mark compact GC freed 42MB AllocSpace bytes, 111(2220KB) LOS objects, 19% free, 195MB/241MB, paused 1.137ms,8.156ms total 116.870ms
04-28 10:47:25.299  2096  2148 E HeatmapThread: ECT Thread time in milliseconds: 1777362445
04-28 10:47:25.303  2096  2148 D HeatmapThread: !@ batteryplugType : 2
04-28 10:47:25.303  2096  2148 D HeatmapThread: !@ batteryLevel : 86  batteryTemperature : 378 
04-28 10:47:25.303  2096  2148 D HeatmapThread: !@ Heatmap currtime: 29622707
04-28 10:47:25.303  2096  2148 D HeatmapThread: !@ Heatmap prevtime: 29622680
04-28 10:47:25.303  2096  2148 D HeatmapThread: !@ Heatmap plugstarttime: 29622695
04-28 10:47:25.304  2096  2148 D HeatmapThread: !@ Heatmap prevv_dsoh_update_time: 29622508
04-28 10:47:25.304  2096  2148 E HeatmapThread: !@ CAM New BSOH: 100
04-28 10:47:25.480  5020  5774 D SatelliteController: isInCarrierRoamingNbIotNtn: satellite is disabled
04-28 10:47:25.486  5338  5338 I EPDG -- SIM0 [SMARTCELLULAR]: onSignalStrengthsChanged: SignalStrength:{mCdma=Invalid,mGsm=Invalid,mWcdma=Invalid,mTdscdma=Invalid,mLte=CellSignalStrengthLte: rssi=-65 rsrp=-99 rsrq=-12 rssnr=3 cqiTableIndex=2147483647 cqi=2147483647 ta=2147483647 level=3 parametersUseForLevel=0,mNr=Invalid,SignalBarInfo{ lteLevel=3 },rat=14,primary=CellSignalStrengthLte}
04-28 10:47:25.488  5338  7026 I EPDG -- SIM0 [SMARTCELLULAR]: lastLteRSRP is -99 currentLteRSRP is -99 lastLteRSRQ is -12 currentLteRSRQ is -12 lastLteSNR is 4 currentLteSNR is 3
04-28 10:47:25.527  1211  1211 D io_stats: !@   8,0 r 211121125 4226813292 w 53126499 1021851772 d 6838437 995008020 f 1576424 3506186 iot 33811824 0 th 0 0 0 pt 0 inp 0 0 864116.953
04-28 10:47:25.528  1211  1211 D io_stats: !@ Read_top(KB): ewlogd(2238) 12 .gms.persistent(17123) 12 binder:2519_2(2519) 12
04-28 10:47:25.528  1211  1211 D io_stats: !@ Write_top(KB): kworker/u16:0(31125) 532 sung.android.ce(7885) 8
04-28 10:47:25.695  1995 26340 I sensors-hal: handle_sns_std_sensor_event:90, light_cct: ts = 1556989053941259 ns; value = [82, 82, 33, 83, 57, 173, 0, 66, 16448, 93]
04-28 10:47:25.858  1995 20473 I sensors-hal: handle_sns_client_event:375, [0][144912] accel_sample [ 0.194,  0.459,  9.923] 1556988924269228
04-28 10:47:25.941  1983  6188 I vendor.qti.bluetooth@1.1-ibs_handler: ProcessIbsCmd: Received IBS_WAKE_IND: 0xFD
04-28 10:47:25.941  1983  6188 D vendor.qti.bluetooth@1.1-ibs_handler: SerialClockVote: vote for UART CLK ON
04-28 10:47:25.941  1983  6188 D vendor.qti.bluetooth@1.1-wake_lock: Acquire wakelock is acquired 
04-28 10:47:25.942  1983  6188 I vendor.qti.bluetooth@1.1-ibs_handler: ProcessIbsCmd: Writing IBS_WAKE_ACK
04-28 10:47:25.953  5059  6222 I ScanController: onScanResult to scannerId: 5- eventType=0x1b, addressType=0, address=XX:XX:XX:XX:B6:C3, primaryPhy=1, secondaryPhy=0, advertisingSid=0xff, txPower=127, rssi=-57, periodicAdvInt=0x0
04-28 10:47:25.993  1983  6188 I vendor.qti.bluetooth@1.1-ibs_handler: ProcessIbsCmd: Received IBS_SLEEP_IND: 0xFE
04-28 10:47:25.993  1983  6188 D vendor.qti.bluetooth@1.1-ibs_handler: SerialClockVote: vote for UART CLK OFF
04-28 10:47:26.117  3072  4701 D SemWifiSwitchForIndividualAppsService: isSkipNetworkCondition - result:2
04-28 10:47:26.144  1983  5465 D vendor.qti.bluetooth@1.1-wake_lock: Release wakelock is released 
04-28 10:47:26.299  2096  2148 E HeatmapThread: ECT Thread time in milliseconds: 1777362446
04-28 10:47:26.303  2096  2148 D HeatmapThread: !@ batteryplugType : 2
04-28 10:47:26.303  2096  2148 D HeatmapThread: !@ batteryLevel : 86  batteryTemperature : 378 
04-28 10:47:26.303  2096  2148 D HeatmapThread: !@ Heatmap currtime: 29622707
04-28 10:47:26.303  2096  2148 D HeatmapThread: !@ Heatmap prevtime: 29622680
04-28 10:47:26.303  2096  2148 D HeatmapThread: !@ Heatmap plugstarttime: 29622695
04-28 10:47:26.304  2096  2148 D HeatmapThread: !@ Heatmap prevv_dsoh_update_time: 29622508
04-28 10:47:26.304  2096  2148 E HeatmapThread: !@ CAM New BSOH: 100
04-28 10:47:26.434  3072  6600 D SemWifiUsabilityStatsMonitor: onWifiUsabilityStats - seqNum 140045, isSameBssidAndFreq true
04-28 10:47:26.439  3072  4675 D InsDataManager: onOutageCountUpdate() - Outage Data: 0, LQ : N. Outage Triggered: false
04-28 10:47:26.440  3072  4675 D SemInsManager: {"bssid": "6056a9715180","rssi": -61.0,"latency": 0.0,"outage_count": 0,"lq_callback_triggered": false,"outage_log": "Unreliable statistics: -61.0 / 6 / 139 / 3 / 1 || 6056a9715180: 0.000 / 0.000 / @ || N N / 0 0 / N 2.0 / N X 5 / 864117861 0 || 2026-04-28 10:47:26  / 0: 0 0 0 0 0 0 / 0: 0 0 0 0 0 0 / 0: 0 0 0 0 0 0""Magnetic Sensor Events size": "0""Pressure Sensor Events size": "0"}
04-28 10:47:26.440  5210  5482 I HoneySpace.StatusIconTracker: invokeEvent() called with: event = Wifi(visible=true, resId=2131236023, activityId=2131236054)
04-28 10:47:26.449  2102  2102 I SurfaceFlinger: SFWD update time=864117875301557
04-28 10:47:26.451  2102  4418 I VSyncReactor: Current= 120, Period= 120, Distance= 0
04-28 10:47:26.452  3072  4692 D SGM:GameManager: identifyGamePackage. com.petpal.app, mCurrentUserId: 0, callingMethodInfo: com.samsung.android.game.SemGameManager.isGamePackage(SemGameManager.java:106)
04-28 10:47:26.452  3072  4692 D SGM:SemGameManager: isGamePackage(), pkgName=com.petpal.app, ret=false
04-28 10:47:26.459  2102  2787 I VSyncReactor: Current= 120, Period= 120, Distance= 120
04-28 10:47:26.656  1995 26313 I sensors-hal: handle_sns_std_sensor_event:409, [SSC_LIGHT] P: 80(80),c:1,b:173,m:13,cl:0,l:78,s:82,l0:16448,l1:1056,s0:16000,s1:0,acl:1,opr:0.32,f(r):70,u(bl):71,if:0,wi:3,si:93,po:195(N:0)
04-28 10:47:27.133  3072  4701 D SemWifiSwitchForIndividualAppsService: isSkipNetworkCondition - result:2
04-28 10:47:27.299  2096  2148 E HeatmapThread: ECT Thread time in milliseconds: 1777362447
04-28 10:47:27.303  2096  2148 D HeatmapThread: !@ batteryplugType : 2
04-28 10:47:27.303  2096  2148 D HeatmapThread: !@ batteryLevel : 86  batteryTemperature : 378 
04-28 10:47:27.303  2096  2148 D HeatmapThread: !@ Heatmap currtime: 29622707
04-28 10:47:27.303  2096  2148 D HeatmapThread: !@ Heatmap prevtime: 29622680
04-28 10:47:27.304  2096  2148 D HeatmapThread: !@ Heatmap plugstarttime: 29622695
04-28 10:47:27.304  2096  2148 D HeatmapThread: !@ Heatmap prevv_dsoh_update_time: 29622508
04-28 10:47:27.304  2096  2148 E HeatmapThread: !@ CAM New BSOH: 100
04-28 10:47:27.529  1211  1211 D io_stats: !@   8,0 r 211121125 4226813292 w 53126507 1021851804 d 6838437 995008020 f 1576424 3506188 iot 33811840 0 th 0 0 0 pt 0 inp 0 0 864118.955
04-28 10:47:27.541  3072  4287 D NetdEventListenerService: CSC Feature value: true
04-28 10:47:27.541  3072  4287 D NetdEventListenerService: CSC Feature value: true
04-28 10:47:27.617  1995 20473 I sensors-hal: handle_sns_client_event:375, [0][145145] accel_sample [ 0.199,  0.467,  9.930] 1556990931228655
04-28 10:47:27.618  1983  6188 I vendor.qti.bluetooth@1.1-ibs_handler: ProcessIbsCmd: Received IBS_WAKE_IND: 0xFD
04-28 10:47:27.618  1983  6188 D vendor.qti.bluetooth@1.1-ibs_handler: SerialClockVote: vote for UART CLK ON
04-28 10:47:27.619  1983  6188 D vendor.qti.bluetooth@1.1-wake_lock: Acquire wakelock is acquired 
04-28 10:47:27.619  1983  6188 I vendor.qti.bluetooth@1.1-ibs_handler: ProcessIbsCmd: Writing IBS_WAKE_ACK
04-28 10:47:27.629  5059  6222 I ScanController: onScanResult to scannerId: 5- eventType=0x1b, addressType=0, address=XX:XX:XX:XX:B6:C3, primaryPhy=1, secondaryPhy=0, advertisingSid=0xff, txPower=127, rssi=-62, periodicAdvInt=0x0
04-28 10:47:27.635 10420 10437 I [+0300]oneconnect[1.8.45.24_01][BEACON_MANAGER_CONTROL_SERVICE]: TvOcfParser.onReceive - TV Popup Onboarding is skipped - ($)
04-28 10:47:27.669  1983  6188 I vendor.qti.bluetooth@1.1-ibs_handler: ProcessIbsCmd: Received IBS_SLEEP_IND: 0xFE
04-28 10:47:27.669  1983  6188 D vendor.qti.bluetooth@1.1-ibs_handler: SerialClockVote: vote for UART CLK OFF
04-28 10:47:27.821  1983  5465 D vendor.qti.bluetooth@1.1-wake_lock: Release wakelock is released 
04-28 10:47:28.149  3072  4701 D SemWifiSwitchForIndividualAppsService: isSkipNetworkCondition - result:2
04-28 10:47:28.247  3072  4590 I MdnsReplySender: Sending {MdnsReplyInfo: /192.168.1.224:5353 to /224.0.0.251:5353, answers: 3, additionalAnswers: 1, knownAnswers: 0, sendDelayMs 101}
04-28 10:47:28.255  1995 26340 I sensors-hal: handle_sns_std_sensor_event:90, light_cct: ts = 1556991613947040 ns; value = [82, 82, 33, 83, 57, 173, 0, 66, 16544, 93]
04-28 10:47:28.299  2096  2148 E HeatmapThread: ECT Thread time in milliseconds: 1777362448
04-28 10:47:28.303  2096  2148 D HeatmapThread: !@ batteryplugType : 2
04-28 10:47:28.303  2096  2148 D HeatmapThread: !@ batteryLevel : 86  batteryTemperature : 378 
04-28 10:47:28.303  2096  2148 D HeatmapThread: !@ Heatmap currtime: 29622707
04-28 10:47:28.303  2096  2148 D HeatmapThread: !@ Heatmap prevtime: 29622680
04-28 10:47:28.303  2096  2148 D HeatmapThread: !@ Heatmap plugstarttime: 29622695
04-28 10:47:28.303  2096  2148 D HeatmapThread: !@ Heatmap prevv_dsoh_update_time: 29622508
04-28 10:47:28.303  2096  2148 E HeatmapThread: !@ CAM New BSOH: 100
04-28 10:47:29.164  3072  4701 D SemWifiSwitchForIndividualAppsService: isSkipNetworkCondition - result:2
04-28 10:47:29.299  2096  2148 E HeatmapThread: ECT Thread time in milliseconds: 1777362449
04-28 10:47:29.303  2096  2148 D HeatmapThread: !@ batteryplugType : 2
04-28 10:47:29.303  2096  2148 D HeatmapThread: !@ batteryLevel : 86  batteryTemperature : 378 
04-28 10:47:29.303  2096  2148 D HeatmapThread: !@ Heatmap currtime: 29622707
04-28 10:47:29.303  2096  2148 D HeatmapThread: !@ Heatmap prevtime: 29622680
04-28 10:47:29.303  2096  2148 D HeatmapThread: !@ Heatmap plugstarttime: 29622695
04-28 10:47:29.303  2096  2148 D HeatmapThread: !@ Heatmap prevv_dsoh_update_time: 29622508
04-28 10:47:29.304  2096  2148 E HeatmapThread: !@ CAM New BSOH: 100
04-28 10:47:29.333  1983  6188 I vendor.qti.bluetooth@1.1-ibs_handler: ProcessIbsCmd: Received IBS_WAKE_IND: 0xFD
04-28 10:47:29.334  1983  6188 D vendor.qti.bluetooth@1.1-ibs_handler: SerialClockVote: vote for UART CLK ON
04-28 10:47:29.334  1983  6188 D vendor.qti.bluetooth@1.1-wake_lock: Acquire wakelock is acquired 
04-28 10:47:29.334  1983  6188 I vendor.qti.bluetooth@1.1-ibs_handler: ProcessIbsCmd: Writing IBS_WAKE_ACK
04-28 10:47:29.344  5059  6222 I ScanController: onScanResult to scannerId: 5- eventType=0x1b, addressType=0, address=XX:XX:XX:XX:B6:C3, primaryPhy=1, secondaryPhy=0, advertisingSid=0xff, txPower=127, rssi=-60, periodicAdvInt=0x0
04-28 10:47:29.351  5059  6222 I ScanController: onScanResult to scannerId: 5- eventType=0x1b, addressType=0, address=XX:XX:XX:XX:B6:C3, primaryPhy=1, secondaryPhy=0, advertisingSid=0xff, txPower=127, rssi=-60, periodicAdvInt=0x0
04-28 10:47:29.377  1995  4777 I sensors-hal: handle_sns_std_sensor_event:131, [SSC_LIGHT] A: 80(80),c:1,b:173,m:13,cl:0,l:78,s:79,l0:16512,l1:1056,s0:15500,s1:0,acl:1,opr:0.32,f(r):70,u(bl):71,if:0,wi:3,si:0,po:195(N:0)
04-28 10:47:29.385  1983  6188 I vendor.qti.bluetooth@1.1-ibs_handler: ProcessIbsCmd: Received IBS_SLEEP_IND: 0xFE
04-28 10:47:29.385  1983  6188 D vendor.qti.bluetooth@1.1-ibs_handler: SerialClockVote: vote for UART CLK OFF
04-28 10:47:29.473  5338  5338 I EPDG -- SIM0 [SMARTWIFI]: isProfiling, hash=172521687, started=true
04-28 10:47:29.474  3072  6600 D SemWifiUsabilityStatsMonitor: onWifiUsabilityStats - seqNum 140046, isSameBssidAndFreq true
04-28 10:47:29.475  3072  4675 D InsDataManager: onOutageCountUpdate() - Outage Data: 0, LQ : N. Outage Triggered: false
04-28 10:47:29.476  3072  4675 D SemInsManager: {"bssid": "6056a9715180","rssi": -62.0,"latency": 0.0,"outage_count": 0,"lq_callback_triggered": false,"outage_log": "Unreliable statistics: -62.0 / 1 / 128 / 2 / 0 || 6056a9715180: 0.000 / 0.000 / @ || N N / 0 0 / N 2.0 / N X 5 / 864120899 0 || 2026-04-28 10:47:29  / 0: 0 0 0 0 0 0 / 0: 0 0 0 0 0 0 / 0: 0 0 0 0 0 0""Magnetic Sensor Events size": "0""Pressure Sensor Events size": "0"}
04-28 10:47:29.477  5338  5338 I EPDG -- SIM0 [SMARTWIFI]: isProfiling, hash=172521687, started=true
04-28 10:47:29.478  5338  5338 I EPDG -- SIM0 [SMARTWIFI]: Rssi : -62 highrange : -75 lowrange : -85 mIsRssiInHystersis : false
04-28 10:47:29.478  5338  5338 I EPDG -- SIM0 [SMARTWIFI]: Rssi : -62 highrange : -75 lowrange : -85 mIsRssiInHystersis : false
04-28 10:47:29.478  5338  5338 I EPDG -- SIM0 [SMARTWIFI]: getHandoverThresholdMet: value is: false
04-28 10:47:29.489  3072  4692 D SGM:GameManager: identifyGamePackage. com.petpal.app, mCurrentUserId: 0, callingMethodInfo: com.samsung.android.game.SemGameManager.isGamePackage(SemGameManager.java:106)
04-28 10:47:29.489  3072  4692 D SGM:SemGameManager: isGamePackage(), pkgName=com.petpal.app, ret=false
04-28 10:47:29.530  1211  1211 D io_stats: !@ Write_top(KB): kworker/u16:9(26252) 16
04-28 10:47:29.536  1983  5465 D vendor.qti.bluetooth@1.1-wake_lock: Release wakelock is released 
04-28 10:47:29.696  1995 26313 I sensors-hal: handle_sns_std_sensor_event:409, [SSC_LIGHT] P: 82(82),c:1,b:173,m:13,cl:0,l:78,s:82,l0:16512,l1:1056,s0:16000,s1:0,acl:1,opr:0.32,f(r):70,u(bl):71,if:0,wi:3,si:0,po:195(N:0)
04-28 10:47:29.696  1995 20473 I sensors-hal: handle_sns_client_event:375, [0][145378] accel_sample [ 0.194,  0.457,  9.942] 1556992938187821
04-28 10:47:29.937  3072  4287 W ParceledListSlice: Element #45 is 19036 bytes.
04-28 10:47:29.940  3072  4287 W ParceledListSlice: Element #80 is 20440 bytes.
04-28 10:47:29.943  3072  4287 W ParceledListSlice: Element #102 is 19012 bytes.
04-28 10:47:29.958  3072  4287 W ParceledListSlice: Element #215 is 191100 bytes.
04-28 10:47:29.959  3072  4287 W ParceledListSlice: Overly large reply size: 236620
04-28 10:47:29.965  3072  4287 W ParceledListSlice: Element #244 is 23076 bytes.
04-28 10:47:29.968  3072  4287 W ParceledListSlice: Element #269 is 16584 bytes.
04-28 10:47:29.970  3072  4287 W ParceledListSlice: Element #276 is 25440 bytes.
04-28 10:47:29.974  3072  4287 W ParceledListSlice: Element #301 is 23428 bytes.
04-28 10:47:29.978  3072  4287 W ParceledListSlice: Element #344 is 20544 bytes.
04-28 10:47:29.978  3072  4287 W ParceledListSlice: Overly large reply size: 82252
04-28 10:47:29.980  3072  4287 W ParceledListSlice: Element #352 is 17296 bytes.
04-28 10:47:29.981  3072  4287 W ParceledListSlice: Element #361 is 23104 bytes.
04-28 10:47:29.985  3072  4287 W ParceledListSlice: Element #412 is 46176 bytes.
04-28 10:47:29.989  3072  4287 W ParceledListSlice: Element #460 is 16400 bytes.
04-28 10:47:29.989  3072  4287 W ParceledListSlice: Element #462 is 20072 bytes.
04-28 10:47:29.990  3072  4287 W ParceledListSlice: Element #463 is 17952 bytes.
04-28 10:47:29.991  3072  4287 W ParceledListSlice: Element #481 is 21992 bytes.
04-28 10:47:29.992  3072  4287 W ParceledListSlice: Element #494 is 16876 bytes.
04-28 10:47:29.995  3072  4287 W ParceledListSlice: Element #534 is 27880 bytes.
04-28 10:47:29.996  3072  4287 W ParceledListSlice: Element #542 is 76488 bytes.
04-28 10:47:29.996  3072  4287 W ParceledListSlice: Overly large reply size: 86716
04-28 10:47:30.000  3072  4287 W ParceledListSlice: Element #577 is 21404 bytes.
04-28 10:47:30.001  3072  4287 W ParceledListSlice: Element #590 is 19280 bytes.
04-28 10:47:30.003  3072  4287 W ParceledListSlice: Element #600 is 25832 bytes.
04-28 10:47:30.003  3072  4287 W ParceledListSlice: Element #602 is 19416 bytes.
04-28 10:47:30.007  3072  4287 W ParceledListSlice: Element #653 is 30868 bytes.
04-28 10:47:30.008  3072  4287 W ParceledListSlice: Element #679 is 27408 bytes.
04-28 10:47:30.010  3072  4287 W ParceledListSlice: Element #693 is 25892 bytes.
04-28 10:47:30.011  3072  4287 W ParceledListSlice: Element #707 is 25660 bytes.
04-28 10:47:30.013  3072  4287 W ParceledListSlice: Element #736 is 17364 bytes.
04-28 10:47:30.181  3072  4701 D SemWifiSwitchForIndividualAppsService: isSkipNetworkCondition - result:2
04-28 10:47:30.299  2096  2148 E HeatmapThread: ECT Thread time in milliseconds: 1777362450
04-28 10:47:30.303  2096  2148 D HeatmapThread: !@ batteryplugType : 2
04-28 10:47:30.303  2096  2148 D HeatmapThread: !@ batteryLevel : 86  batteryTemperature : 378 
04-28 10:47:30.303  2096  2148 D HeatmapThread: !@ Heatmap currtime: 29622707
04-28 10:47:30.303  2096  2148 D HeatmapThread: !@ Heatmap prevtime: 29622680
04-28 10:47:30.303  2096  2148 D HeatmapThread: !@ Heatmap plugstarttime: 29622695
04-28 10:47:30.303  2096  2148 D HeatmapThread: !@ Heatmap prevv_dsoh_update_time: 29622508
04-28 10:47:30.303  2096  2148 E HeatmapThread: !@ CAM New BSOH: 100
04-28 10:47:30.613  2062  2062 I seh_thermal_service: getTemperaturesWithType SehTemperatureType: 3
04-28 10:47:30.614  2040  2040 I sehhealth-service: updateLrpSysfs: write: 359
04-28 10:47:30.615  2040  2118 E BatteryDump: !@new_battery_dump : 4207,207,475,550,86,378,325,360,378,0,360,360,0,Charging,NO_CHARGING,Normal,Good,USB,1,Normal,0,0,9300,0x0,0x10000,0x0,0,0,0000,0000,00000000,0,0,0,0,491,4178,8576,987,0,
04-28 10:47:30.811  3072  4287 E BatteryStatsService: Invalid uid for waking network packet: -1
04-28 10:47:30.816  1995 26340 I sensors-hal: handle_sns_std_sensor_event:90, light_cct: ts = 1556994173948707 ns; value = [82, 82, 33, 83, 57, 173, 0, 66, 16512, 93]
04-28 10:47:30.993 31726 31726 I wpa_supplicant: Heartbeat 21047
04-28 10:47:31.197  3072  4701 D SemWifiSwitchForIndividualAppsService: isSkipNetworkCondition - result:2
04-28 10:47:31.299  2096  2148 E HeatmapThread: ECT Thread time in milliseconds: 1777362451
04-28 10:47:31.303  2096  2148 D HeatmapThread: !@ batteryplugType : 2
04-28 10:47:31.303  2096  2148 D HeatmapThread: !@ batteryLevel : 86  batteryTemperature : 378 
04-28 10:47:31.303  2096  2148 D HeatmapThread: !@ Heatmap currtime: 29622707
04-28 10:47:31.303  2096  2148 D HeatmapThread: !@ Heatmap prevtime: 29622680
04-28 10:47:31.303  2096  2148 D HeatmapThread: !@ Heatmap plugstarttime: 29622695
04-28 10:47:31.304  2096  2148 D HeatmapThread: !@ Heatmap prevv_dsoh_update_time: 29622508
04-28 10:47:31.304  2096  2148 E HeatmapThread: !@ CAM New BSOH: 100
04-28 10:47:31.531  1211  1211 D io_stats: !@   8,0 r 211121125 4226813292 w 53126515 1021852236 d 6838437 995008020 f 1576424 3506188 iot 33811852 0 th 0 0 0 pt 0 inp 0 0 864122.957
04-28 10:47:31.616  1995 20473 I sensors-hal: handle_sns_client_event:375, [0][145611] accel_sample [ 0.187,  0.471,  9.933] 1556994945146832
04-28 10:47:31.804  3072  4709 D WifiConnectivityMonitor.NetworkStatsAnalyzer: Backhaul result - RSSI:-62, CE:19, PE:19, TI:23, PTI:23, TW:0, PTW:0, Tx:6, Rx:6, TxS:0, RxS:0, RESULT:true, IC:0, ICT:5, WC:0, WCT:5, R:0, RC:0, IE:0, EC:0
04-28 10:47:31.878  1995  4777 I sensors-hal: handle_sns_client_event:190, auto_rotation_debug_2 mode,255, type,1,0 acc,0.206,0.459,9.949, ar,0, ver,14, pedo,1,e,1,i,3
04-28 10:47:32.213  3072  4701 D SemWifiSwitchForIndividualAppsService: isSkipNetworkCondition - result:2
04-28 10:47:32.300  2096  2148 E HeatmapThread: ECT Thread time in milliseconds: 1777362452
04-28 10:47:32.304  2096  2148 D HeatmapThread: !@ batteryplugType : 2
04-28 10:47:32.304  2096  2148 D HeatmapThread: !@ batteryLevel : 86  batteryTemperature : 378 
04-28 10:47:32.304  2096  2148 D HeatmapThread: !@ Heatmap currtime: 29622707
04-28 10:47:32.304  2096  2148 D HeatmapThread: !@ Heatmap prevtime: 29622680
04-28 10:47:32.304  2096  2148 D HeatmapThread: !@ Heatmap plugstarttime: 29622695
04-28 10:47:32.304  2096  2148 D HeatmapThread: !@ Heatmap prevv_dsoh_update_time: 29622508
04-28 10:47:32.304  2096  2148 E HeatmapThread: !@ CAM New BSOH: 100
04-28 10:47:32.514  3072  6600 D SemWifiUsabilityStatsMonitor: onWifiUsabilityStats - seqNum 140047, isSameBssidAndFreq true
04-28 10:47:32.517  3072  4675 D InsDataManager: onOutageCountUpdate() - Outage Data: 0, LQ : N. Outage Triggered: false
04-28 10:47:32.518  5210  5482 I HoneySpace.StatusIconTracker: invokeEvent() called with: event = Wifi(visible=true, resId=2131236023, activityId=2131236053)
04-28 10:47:32.518  3072  4675 D SemInsManager: {"bssid": "6056a9715180","rssi": -62.0,"latency": 0.0,"outage_count": 0,"lq_callback_triggered": false,"outage_log": "Unreliable statistics: -62.0 / 0 / 69 / 3 / 0 || 6056a9715180: 0.000 / 0.000 / @ || N N / 0 0 / N 2.0 / N X 5 / 864123940 0 || 2026-04-28 10:47:32  / 0: 0 0 0 0 0 0 / 0: 0 0 0 0 0 0 / 0: 0 0 0 0 0 0""Magnetic Sensor Events size": "0""Pressure Sensor Events size": "0"}
04-28 10:47:32.535  2102  2787 I VSyncReactor: Current= 120, Period= 120, Distance= 0
04-28 10:47:32.539  3072  4692 D SGM:GameManager: identifyGamePackage. com.petpal.app, mCurrentUserId: 0, callingMethodInfo: com.samsung.android.game.SemGameManager.isGamePackage(SemGameManager.java:106)
04-28 10:47:32.539  3072  4692 D SGM:SemGameManager: isGamePackage(), pkgName=com.petpal.app, ret=false
04-28 10:47:32.542  2102  2787 I VSyncReactor: Current= 120, Period= 120, Distance= 120
04-28 10:47:32.852 17123 30998 I NearbyMediums: No BLE Fast/GATT advertisements found in the latest cycle.
04-28 10:47:32.852 17123 30998 I NearbyMediums: Current Tracked Scanning Clients are : {NearbyConnections.EnvironmentMonitor, NearbySharing, NearbyConnections.TxAdvertisement}
04-28 10:47:33.216  1995 26313 I sensors-hal: handle_sns_std_sensor_event:409, [SSC_LIGHT] P: 79(79),c:1,b:173,m:13,cl:0,l:78,s:79,l0:16448,l1:1056,s0:15500,s1:0,acl:1,opr:0.32,f(r):70,u(bl):71,if:0,wi:3,si:0,po:195(N:0)
04-28 10:47:33.229  3072  4701 D SemWifiSwitchForIndividualAppsService: isSkipNetworkCondition - result:2
04-28 10:47:33.300  2096  2148 E HeatmapThread: ECT Thread time in milliseconds: 1777362453
04-28 10:47:33.303  2096  2148 D HeatmapThread: !@ batteryplugType : 2
04-28 10:47:33.304  2096  2148 D HeatmapThread: !@ batteryLevel : 86  batteryTemperature : 378 
04-28 10:47:33.304  2096  2148 D HeatmapThread: !@ Heatmap currtime: 29622707
04-28 10:47:33.304  2096  2148 D HeatmapThread: !@ Heatmap prevtime: 29622680
04-28 10:47:33.304  2096  2148 D HeatmapThread: !@ Heatmap plugstarttime: 29622695
04-28 10:47:33.304  2096  2148 D HeatmapThread: !@ Heatmap prevv_dsoh_update_time: 29622508
04-28 10:47:33.304  2096  2148 E HeatmapThread: !@ CAM New BSOH: 100
04-28 10:47:33.376  1995 26340 I sensors-hal: handle_sns_std_sensor_event:90, light_cct: ts = 1556996733933342 ns; value = [80, 80, 33, 83, 55, 173, 0, 66, 16448, 0]
04-28 10:47:33.532  1211  1211 D io_stats: !@ Write_top(KB): kworker/u16:0(31125) 424 vendor.samsung.(2040) 8
04-28 10:47:33.786  1995 20473 I sensors-hal: handle_sns_client_event:375, [0][145844] accel_sample [ 0.211,  0.486,  9.928] 1556996952105738
04-28 10:47:33.801  8426  9263 I SDHMS:x : SIOP:: AP:374 BAT:378 USB:325 CHG:360 PA:376 WIFI:374 CF:372 BLK:0 SUBBAT:0 LRPTHM:369 SKIN:359 SKINF:347 SKINB:359 LRP2:359 LRF2:347 LRB2:359 AP2:358 CHG2:357 WIFI2:358 RCV2:340 SPK2:324 FCAM:324 UPSPK:372 DNSPK:323 VAP02:375 VWIFI:378 AMB2:278 AVGCUR:353 AVGSYS:186 POWER:1481
04-28 10:47:33.816  3072  4319 D ActivityManager: freezing 25175 com.samsung.android.globalpostprocmgr
04-28 10:47:33.856  1995  4777 I sensors-hal: handle_sns_std_sensor_event:131, [SSC_LIGHT] A: 80(80),c:1,b:173,m:13,cl:0,l:78,s:79,l0:16448,l1:1056,s0:15500,s1:0,acl:1,opr:0.32,f(r):70,u(bl):71,if:0,wi:3,si:0,po:195(N:0)
04-28 10:47:34.244  3072  4701 D SemWifiSwitchForIndividualAppsService: isSkipNetworkCondition - result:2
04-28 10:47:34.299  2096  2148 E HeatmapThread: ECT Thread time in milliseconds: 1777362454
04-28 10:47:34.303  2096  2148 D HeatmapThread: !@ batteryplugType : 2
04-28 10:47:34.303  2096  2148 D HeatmapThread: !@ batteryLevel : 86  batteryTemperature : 378 
04-28 10:47:34.303  2096  2148 D HeatmapThread: !@ Heatmap currtime: 29622707
04-28 10:47:34.303  2096  2148 D HeatmapThread: !@ Heatmap prevtime: 29622680
04-28 10:47:34.303  2096  2148 D HeatmapThread: !@ Heatmap plugstarttime: 29622695
04-28 10:47:34.303  2096  2148 D HeatmapThread: !@ Heatmap prevv_dsoh_update_time: 29622508
04-28 10:47:34.303  2096  2148 E HeatmapThread: !@ CAM New BSOH: 100
04-28 10:47:34.737  8426  8426 I SDHMS:LOAD: type: LoadsFreqs, value: 3:0:0:672000:672000:672000:661248:2956800:499200:231:231:231
04-28 10:47:34.948  3072  4626 D UsbStatsMonitor: 0 0 0 0 0 0 0 0 0 0 0 0 4 0 0 0 0 0 0 0 0 0 0 0 0 0 0 0 0 0 0 0 0 0 0 0 0 0 0 0 0 0 0 0 0 0 0 0 0 0 0 0 0 0 0 0 0 214748364802
04-28 10:47:35.166  1983  6188 I vendor.qti.bluetooth@1.1-ibs_handler: ProcessIbsCmd: Received IBS_WAKE_IND: 0xFD
04-28 10:47:35.166  1983  6188 D vendor.qti.bluetooth@1.1-ibs_handler: SerialClockVote: vote for UART CLK ON
04-28 10:47:35.166  1983  6188 D vendor.qti.bluetooth@1.1-wake_lock: Acquire wakelock is acquired 
04-28 10:47:35.167  1983  6188 I vendor.qti.bluetooth@1.1-ibs_handler: ProcessIbsCmd: Writing IBS_WAKE_ACK
04-28 10:47:35.178  5059  6222 I ScanController: onScanResult to scannerId: 5- eventType=0x1b, addressType=0, address=XX:XX:XX:XX:B6:C3, primaryPhy=1, secondaryPhy=0, advertisingSid=0xff, txPower=127, rssi=-60, periodicAdvInt=0x0
04-28 10:47:35.184 10420 10437 I [+0300]oneconnect[1.8.45.24_01][BEACON_MANAGER_CONTROL_SERVICE]: TvOcfParser.onReceive - TV Popup Onboarding is skipped - ($)
04-28 10:47:35.185  5059  6222 I ScanController: onScanResult to scannerId: 5- eventType=0x1b, addressType=0, address=XX:XX:XX:XX:B6:C3, primaryPhy=1, secondaryPhy=0, advertisingSid=0xff, txPower=127, rssi=-60, periodicAdvInt=0x0
04-28 10:47:35.186 17852 17897 I BCMGR[11.2.04.4]: BeaconMainController] onReceive - [1 : ST packet!][2 : ST packet!][3 : ST packet!][4 : ST packet!][5 : ST packet!][6 : ST packet!][7 : ST packet!][8 : ST packet!][9 : ST packet!][10 : ST packet!]
04-28 10:47:35.219  1983  6188 I vendor.qti.bluetooth@1.1-ibs_handler: ProcessIbsCmd: Received IBS_SLEEP_IND: 0xFE
04-28 10:47:35.220  1983  6188 D vendor.qti.bluetooth@1.1-ibs_handler: SerialClockVote: vote for UART CLK OFF
04-28 10:47:35.260  3072  4701 D SemWifiSwitchForIndividualAppsService: isSkipNetworkCondition - result:2
04-28 10:47:35.299  2096  2148 E HeatmapThread: ECT Thread time in milliseconds: 1777362455
04-28 10:47:35.302  2096  2148 D HeatmapThread: !@ batteryplugType : 2
04-28 10:47:35.303  2096  2148 D HeatmapThread: !@ batteryLevel : 86  batteryTemperature : 378 
04-28 10:47:35.303  2096  2148 D HeatmapThread: !@ Heatmap currtime: 29622707
04-28 10:47:35.303  2096  2148 D HeatmapThread: !@ Heatmap prevtime: 29622680
04-28 10:47:35.303  2096  2148 D HeatmapThread: !@ Heatmap plugstarttime: 29622695
04-28 10:47:35.303  2096  2148 D HeatmapThread: !@ Heatmap prevv_dsoh_update_time: 29622508
04-28 10:47:35.304  2096  2148 E HeatmapThread: !@ CAM New BSOH: 100
04-28 10:47:35.370  1983  5465 D vendor.qti.bluetooth@1.1-wake_lock: Release wakelock is released 
04-28 10:47:35.532  2452  2452 I CNSS    : /sys/wifi/max_chipset_log_size doesn't exist
04-28 10:47:35.533  1211  1211 D io_stats: !@   8,0 r 211121125 4226813292 w 53126517 1021852244 d 6838437 995008020 f 1576424 3506188 iot 33811856 0 th 0 0 0 pt 0 inp 0 0 864126.959
04-28 10:47:35.549  3072  6600 D SemWifiUsabilityStatsMonitor: onWifiUsabilityStats - seqNum 140048, isSameBssidAndFreq true
04-28 10:47:35.551  3072  4675 D InsDataManager: onOutageCountUpdate() - Outage Data: 0, LQ : N. Outage Triggered: false
04-28 10:47:35.552  3072  4675 D SemInsManager: {"bssid": "6056a9715180","rssi": -62.0,"latency": 0.0,"outage_count": 0,"lq_callback_triggered": false,"outage_log": "Unreliable statistics: -62.0 / 0 / 0 / 0 / 0 || 6056a9715180: 0.000 / 0.000 / @ || N N / 0 0 / N 2.0 / N X 5 / 864126975 0 || 2026-04-28 10:47:35  / 0: 0 0 0 0 0 0 / 0: 0 0 0 0 0 0 / 0: 0 0 0 0 0 0""Magnetic Sensor Events size": "0""Pressure Sensor Events size": "0"}
04-28 10:47:35.574  3072  4692 D SGM:GameManager: identifyGamePackage. com.petpal.app, mCurrentUserId: 0, callingMethodInfo: com.samsung.android.game.SemGameManager.isGamePackage(SemGameManager.java:106)
04-28 10:47:35.574  3072  4692 D SGM:SemGameManager: isGamePackage(), pkgName=com.petpal.app, ret=false
04-28 10:47:35.616  1995 20473 I sensors-hal: handle_sns_client_event:375, [0][146077] accel_sample [ 0.208,  0.447,  9.933] 1556998959064488
04-28 10:47:35.719  5020  5774 D SatelliteController: isInCarrierRoamingNbIotNtn: satellite is disabled
04-28 10:47:35.725  5338  5338 I EPDG -- SIM0 [SMARTCELLULAR]: onSignalStrengthsChanged: SignalStrength:{mCdma=Invalid,mGsm=Invalid,mWcdma=Invalid,mTdscdma=Invalid,mLte=CellSignalStrengthLte: rssi=-65 rsrp=-99 rsrq=-12 rssnr=4 cqiTableIndex=2147483647 cqi=2147483647 ta=2147483647 level=3 parametersUseForLevel=0,mNr=Invalid,SignalBarInfo{ lteLevel=3 },rat=14,primary=CellSignalStrengthLte}
04-28 10:47:35.726  5338  7026 I EPDG -- SIM0 [SMARTCELLULAR]: lastLteRSRP is -99 currentLteRSRP is -99 lastLteRSRQ is -12 currentLteRSRQ is -12 lastLteSNR is 3 currentLteSNR is 4
04-28 10:47:35.776  1995 26313 I sensors-hal: handle_sns_std_sensor_event:409, [SSC_LIGHT] P: 82(82),c:1,b:173,m:13,cl:0,l:78,s:82,l0:16416,l1:1024,s0:16000,s1:0,acl:1,opr:0.32,f(r):70,u(bl):71,if:0,wi:3,si:93,po:195(N:0)
04-28 10:47:35.936  1995 26340 I sensors-hal: handle_sns_std_sensor_event:90, light_cct: ts = 1556999293946832 ns; value = [79, 79, 33, 83, 55, 173, 0, 64, 16416, 0]
04-28 10:47:36.276  3072  4701 D SemWifiSwitchForIndividualAppsService: isSkipNetworkCondition - result:2
04-28 10:47:36.299  2096  2148 E HeatmapThread: ECT Thread time in milliseconds: 1777362456
04-28 10:47:36.303  2096  2148 D HeatmapThread: !@ batteryplugType : 2
04-28 10:47:36.303  2096  2148 D HeatmapThread: !@ batteryLevel : 86  batteryTemperature : 378 
04-28 10:47:36.303  2096  2148 D HeatmapThread: !@ Heatmap currtime: 29622707
04-28 10:47:36.303  2096  2148 D HeatmapThread: !@ Heatmap prevtime: 29622680
04-28 10:47:36.303  2096  2148 D HeatmapThread: !@ Heatmap plugstarttime: 29622695
04-28 10:47:36.303  2096  2148 D HeatmapThread: !@ Heatmap prevv_dsoh_update_time: 29622508
04-28 10:47:36.303  2096  2148 E HeatmapThread: !@ CAM New BSOH: 100
04-28 10:47:36.733  3072  4287 E BatteryStatsService: Invalid uid for waking network packet: -1
04-28 10:47:37.063 15176 15176 W SmApplication: onTrimMemory : 40
04-28 10:47:37.063 15176 15176 I DC.AppIconCache: clear icon cache
04-28 10:47:37.071 14357 14357 W SmApplication: onTrimMemory : 40
04-28 10:47:37.071 14357 14357 I DC.AppIconCache: clear icon cache
04-28 10:47:37.293  3072  4701 D SemWifiSwitchForIndividualAppsService: isSkipNetworkCondition - result:2
04-28 10:47:37.299  2096  2148 E HeatmapThread: ECT Thread time in milliseconds: 1777362457
04-28 10:47:37.302  2096  2148 D HeatmapThread: !@ batteryplugType : 2
04-28 10:47:37.303  2096  2148 D HeatmapThread: !@ batteryLevel : 86  batteryTemperature : 378 
04-28 10:47:37.303  2096  2148 D HeatmapThread: !@ Heatmap currtime: 29622707
04-28 10:47:37.303  2096  2148 D HeatmapThread: !@ Heatmap prevtime: 29622680
04-28 10:47:37.303  2096  2148 D HeatmapThread: !@ Heatmap plugstarttime: 29622695
04-28 10:47:37.303  2096  2148 D HeatmapThread: !@ Heatmap prevv_dsoh_update_time: 29622508
04-28 10:47:37.303  2096  2148 E HeatmapThread: !@ CAM New BSOH: 100
04-28 10:47:37.535  1211  1211 D io_stats: !@   8,0 r 211121229 4226813736 w 53126517 1021852244 d 6838437 995008020 f 1576424 3506188 iot 33811872 0 th 0 0 0 pt 0 inp 0 0 864128.960
04-28 10:47:37.535  1211  1211 D io_stats: !@ Read_top(KB): c.android.sdhms(8426) 444
04-28 10:47:37.535  1211  1211 D io_stats: !@ Write_top(KB): kworker/u16:0(31125) 8
04-28 10:47:37.768  3072 31137 D WifiConnectivityMonitor.DnsThread:  [|215] []
04-28 10:47:37.770  3072  4709 D WifiConnectivityMonitor.NetworkStatsAnalyzer: DNS resultType : 0, responseTime : 215
04-28 10:47:37.770  3072  4703 D OpenNetworkQos[4.00]: updateBssidLatestDnsResultType - result: 0
04-28 10:47:37.771  3072  4703 D OpenNetworkQos[4.00]: updateBssidNoInternet: mBssidNoInternet = false
04-28 10:47:37.771  3072  4703 D OpenNetworkQos[4.00]: getOpenNetworkQosNoInternetStatus: false
04-28 10:47:37.771  3072  4703 D OpenNetworkQos[4.00]: getOpenNetworkQosScores: 26 30 26 
04-28 10:47:37.771  3072  4703 D KNOX_MDM_SettingsProvider: isChangeAllowed() : name = wifi_wcm_qos_sharing_score_summary
04-28 10:47:37.772  3072  4703 I WifiProfileShare: network QoS data was changed (internet), updateQoSData networkType: true, qosData: false
04-28 10:47:37.772  3072  5648 V WifiProfileShare.Caster: update wips network, size: 0
04-28 10:47:37.773  3072  5648 D WifiProfileShare: nearby scanning settings run
04-28 10:47:37.773  3072  5648 D WifiProfileShare: network score provider settings enabled
04-28 10:47:37.773  3072  5648 D OpenNetworkQos[4.00]: getOpenNetworkQosScores: 26 30 26 
04-28 10:47:37.773  3072  5648 D OpenNetworkQos[4.00]: getOpenNetworkQosNoInternetStatus: false
04-28 10:47:37.773  3072  5648 I WifiProfileShare.Caster: current network type: 0, score: [26, 30, 26]
04-28 10:47:37.774  3072  5648 V WifiProfileShare.Cache: update network score 64:6e:60:**:**:70
04-28 10:47:37.774  3072  5648 D WifiProfileShare.ScanMatcher: getMcfDataList size:2
04-28 10:47:37.774  3072  5648 I WifiProfileShare.Caster: qos data was updated , before:type:QOS, pBssid:68:c9:14, qosData:7c after:type:QOS, pBssid:68:c9:14, qosData:7c
04-28 10:47:37.776  3072  5648 I [MCFSDK_android_1.3.7026]_4_McfCasterImpl: isNetworkEnabled - type : 1 ret : true
04-28 10:47:37.776  3072  5648 D WifiProfileShare.McfCast: -ME--- mIsNetworkEnabled :true
04-28 10:47:37.776  3072  5648 D WifiProfileShare.McfCast: updateQoSData ignored, same contents
04-28 10:47:37.776  3072  5648 D WifiProfileShare.MCF: success update QosData !
04-28 10:47:37.777  3072  5648 I [MCFSDK_android_1.3.7026]_4_McfCasterImpl: isNetworkEnabled - type : 1 ret : true
04-28 10:47:37.777  3072  5648 D WifiProfileShare.McfCast: -ME--- mIsNetworkEnabled :true
04-28 10:47:37.777  3072  5648 D WifiProfileShare.McfCast: -ME--- updatePasswordDate pwdData size:2
04-28 10:47:38.044 31141 31141 W dumpsys : Thread Pool max thread count is 0. Cannot cache binder as linkToDeath cannot be implemented. serviceName: package
04-28 10:47:38.080  3109 26377 I artd    : GetBestInfo: odex next to the dex file (/data/app/~~WWoDKT0A_yfTC2SZJ1toEg==/com.petpal.app-IUZlvMnzwZTUzQib1-qEKw==/oat/arm64/base.odex) is kOatUpToDate with filter 'verify' executable 'false'
04-28 10:47:38.095  3109 26370 I artd    : GetBestInfo: odex next to the dex file (/data/app/~~cSjTpvtUyvKRdysdeWthdg==/com.whatsapp-sUZdmI4T0LUsMECCoKputA==/oat/arm64/base.odex) is kOatUpToDate with filter 'speed-profile' executable 'false'
04-28 10:47:38.106  3109 25686 I artd    : GetBestInfo: odex next to the dex file (/data/app/~~RIdVsikwRrdMaKjkkoSmfA==/eu.livesport.FlashScore_com-p6UruA7uAznkWXfu5k__CQ==/oat/arm64/base.odex) is kOatUpToDate with filter 'speed-profile' executable 'false'
04-28 10:47:38.112  3109 25686 I artd    : GetBestInfo: odex next to the dex file (/data/user/0/eu.livesport.FlashScore_com/app_pccache/5/591C52BA23C4E0E4C6EB8A94DE92F532A215A628/oat/arm64/pcam.odex) is kOatUpToDate with filter 'verify' executable 'false'
04-28 10:47:38.116  3109 26370 I artd    : GetBestInfo: odex next to the dex file (/data/user/0/eu.livesport.FlashScore_com/app_pccache/5/A4A3883B62E64477497A21E502C207B1868F77D8/oat/arm64/pcam.odex) is kOatUpToDate with filter 'verify' executable 'false'
04-28 10:47:38.137  3109 25686 I artd    : GetBestInfo: odex next to the dex file (/data/app/~~Lsovnhrt8lQbZzjILqZ1EA==/com.twitter.android-31fqHXhrd77r2UPSo-1SRQ==/oat/arm64/base.odex) is kOatUpToDate with filter 'speed-profile' executable 'false'
04-28 10:47:38.140  3109 26370 I artd    : GetBestInfo: vdex next to the dex file (/data/user/0/com.twitter.android/app_pccache/5/DAF7A800792838CAD4E7302B4F4B8E384482B7D1/oat/arm64/pcam.vdex) is kOatUpToDate with filter 'verify' executable 'false'
04-28 10:47:38.143  3109 25686 I artd    : GetBestInfo: vdex next to the dex file (/data/user/0/com.twitter.android/app_pccache/5/092940B270D6635C3081F004DD99A26CC95EADE3/oat/arm64/pcam.vdex) is kOatUpToDate with filter 'verify' executable 'false'
04-28 10:47:38.155  3109 25686 I artd    : GetBestInfo: odex in dalvik-cache (/data/dalvik-cache/arm64/system@priv-app@SamsungCamera@SamsungCamera.apk@classes.dex) is kOatUpToDate with filter 'speed-profile' executable 'false'
04-28 10:47:38.163  3072  5288 D InputDispatcher: Inject motion (31147/2000): action=0x0, time=864129588000000, f=0x0, d=0 dsdx=1.000000 dtdx=0.000000
04-28 10:47:38.165  3109 25686 I artd    : GetBestInfo: odex next to the dex file (/data/app/~~vovGpbnbehV-vRpGPhm_uQ==/com.openai.chatgpt-rF79HgJEhHen2duFJLOARQ==/oat/arm64/base.odex) is kOatUpToDate with filter 'speed-profile' executable 'false'
04-28 10:47:38.165  3072  4338 I InputDispatcher: Delivering touch to (4796): action: 0x4, f=0x0, d=0, '57bd3db', t=1 
04-28 10:47:38.165  3072  4338 I InputDispatcher: Delivering touch to (30269): action: 0x0, f=0x0, d=0, 'bfe7b7a', t=1 
04-28 10:47:38.165  3072  4338 D PowerManagerService: [api] userActivityFromNative : touch displayId=0 eventTime=864129588
04-28 10:47:38.167  3072  3247 I GestureDetector: obtain mCurrentDownEvent. id: -965034431 caller: com.android.server.wm.SystemGesturesPointerEventListener.onPointerEvent:17 com.android.server.wm.PointerEventDispatcher.onInputEvent:51 android.view.InputEventReceiver.dispatchInputEvent:392 
04-28 10:47:38.167  3072  4338 D PowerManagerService: UserActivityStateListenerState: 1
04-28 10:47:38.167 30269 30269 I VRI[MainActivity]@365a8c9: ViewPostIme pointer 0
04-28 10:47:38.167 30269 30269 I VRI[MainActivity]@365a8c9: call setFrameRateCategory for touch hint category=high hint, reason=touch, vri=VRI[MainActivity]@365a8c9
04-28 10:47:38.168  3072  3247 I GestureDetector: obtain mCurrentDownEvent. id: -965034431 caller: com.android.server.wm.SystemPerformancePointerEventListener.onPointerEvent:13 com.android.server.wm.PointerEventDispatcher.onInputEvent:51 android.view.InputEventReceiver.dispatchInputEvent:392 
04-28 10:47:38.168  3072  5288 D InputDispatcher: Inject motion (31147/2000): action=0x1, time=864129588000000, f=0x0, d=0 dsdx=1.000000 dtdx=0.000000
04-28 10:47:38.168  8426  8426 I SemDvfsHyPerManager: acquire hyper - TATouchBoost/8426@30, type = -999
04-28 10:47:38.168  8426  8426 I SemDvfsHyPerManager: acquire hyper - TA_TOUCH_SHARE/8426@31, type = -999
04-28 10:47:38.168  3072  4338 I InputDispatcher: Delivering touch to (30269): action: 0x1, f=0x0, d=0, 'bfe7b7a', t=1 
04-28 10:47:38.168 30269 30269 I VRI[MainActivity]@365a8c9: ViewPostIme pointer 1
04-28 10:47:38.169  2000  2042 I HYPER-HAL: [RequestManager.cpp]acquire(): Acquired ID : 35756226  [8426 / 30]    HINT :      list : [TABoost / 1] [TIMEOUT / 1500] 
04-28 10:47:38.170  3072  3247 I GestureDetector: obtain mCurrentMotionEventRaw. action: 1 id: -1028433914
04-28 10:47:38.170  3072  3247 I GestureDetector: obtain mCurrentMotionEventRaw. action: 1 id: -1028433914
04-28 10:47:38.172  2000  2042 I HYPER-HAL: [RequestManager.cpp]acquire(): Acquired ID : 35764684  [8426 / 31]    HINT : TA_TOUCH_SHARE    list : [TIMEOUT / 1500] 
04-28 10:47:38.176  2102  2102 I SurfaceFlinger: [com.petpal.app/com.petpal.app.MainActivity$_30269#297755] setFrameRateCategory: HighHint
04-28 10:47:38.177  2102  2787 I VSyncReactor: Current= 120, Period= 120, Distance= 0
04-28 10:47:38.180  3109 26370 I artd    : GetBestInfo: odex next to the dex file (/data/app/~~dXM87tq36KNToL4uSylEGw==/com.yahoo.mobile.client.android.mail-oBjjNqfesXe3ZogllxTyqw==/oat/arm64/base.odex) is kOatUpToDate with filter 'speed-profile' executable 'false'
04-28 10:47:38.183 30269 30295 W unknown:ReactNative: StatusBarModule: Ignored status bar change, current activity is edge-to-edge.
04-28 10:47:38.183 30269 30295 W unknown:ReactNative: StatusBarModule: Ignored status bar change, current activity is edge-to-edge.
04-28 10:47:38.184  3109 25686 I artd    : GetBestInfo: vdex next to the dex file (/data/user/0/com.yahoo.mobile.client.android.mail/app_pccache/5/591C52BA23C4E0E4C6EB8A94DE92F532A215A628/oat/arm64/pcam.vdex) is kOatUpToDate with filter 'verify' executable 'false'
04-28 10:47:38.185  2102  2787 I VSyncReactor: Current= 120, Period= 120, Distance= 120
04-28 10:47:38.187  3109 25686 I artd    : GetBestInfo: odex next to the dex file (/data/user/0/com.yahoo.mobile.client.android.mail/app_pccache/5/A4A3883B62E64477497A21E502C207B1868F77D8/oat/arm64/pcam.odex) is kOatUpToDate with filter 'verify' executable 'false'
04-28 10:47:38.209  3109 26370 I artd    : GetBestInfo: odex next to the dex file (/data/app/~~qLCrgGKK40c3TRXpbmtd_w==/com.instagram.android-4t64cYZp0foFbu9TtHZ8og==/oat/arm64/base.odex) is kOatUpToDate with filter 'speed-profile' executable 'false'
04-28 10:47:38.220  3109 25686 I artd    : GetBestInfo: odex next to the dex file (/data/app/~~z1YGAY-RmXvkOa_0L-96Kg==/com.sec.android.gallery3d-PZXpw33079C2NoMltI99uw==/oat/arm64/base.odex) is kOatUpToDate with filter 'speed-profile' executable 'false'
