04-28 10:47:14.069  3072  4287 I CAE     : showListenerList(ContextAwareService.java:334) - Listener : com.samsung.android.contextaware.manager.ContextAwareService$Listener@a4e0c9c, Service : PEDOMETER(1)
04-28 10:47:14.069  3072  4287 W CAE     : unregisterCallback(ContextAwareService.java:251) - [unregi 02] Mutex is unlocked for TEST_FLAT_MOTION
04-28 10:47:14.070  3072  4287 D SemContextService: 	.unregisterCallback : 11, client= com.sec.android.sdhms
04-28 10:47:14.070  3072  4287 D SemContextService: unlock : unregisterCallback
04-28 10:47:14.263  2452  2452 I CNSS    : /sys/wifi/max_chipset_log_size doesn't exist
04-28 10:47:14.289  3072  6600 D SemWifiUsabilityStatsMonitor: onWifiUsabilityStats - seqNum 140041, isSameBssidAndFreq true
04-28 10:47:14.293  5338  5338 I EPDG -- SIM0 [SMARTWIFI]: isProfiling, hash=172521687, started=true
04-28 10:47:14.294  5338  5338 I EPDG -- SIM0 [SMARTWIFI]: isProfiling, hash=172521687, started=true
04-28 10:47:14.295  5210  5482 I HoneySpace.StatusIconTracker: invokeEvent() called with: event = Wifi(visible=true, resId=2131236023, activityId=2131236053)
04-28 10:47:14.296  5338  5338 I EPDG -- SIM0 [SMARTWIFI]: Rssi : -62 highrange : -75 lowrange : -85 mIsRssiInHystersis : false
04-28 10:47:14.296  5338  5338 I EPDG -- SIM0 [SMARTWIFI]: Rssi : -62 highrange : -75 lowrange : -85 mIsRssiInHystersis : false
04-28 10:47:14.296  5338  5338 I EPDG -- SIM0 [SMARTWIFI]: getHandoverThresholdMet: value is: false
04-28 10:47:14.297  3072  4675 D InsDataManager: onOutageCountUpdate() - Outage Data: 0, LQ : N. Outage Triggered: false
04-28 10:47:14.297  3072  4675 D SemInsManager: {"bssid": "6056a9715180","rssi": -62.0,"latency": 0.0,"outage_count": 0,"lq_callback_triggered": false,"outage_log": "Unreliable statistics: -62.0 / 0 / 0 / 0 / 0 || 6056a9715180: 0.000 / 0.000 / @ || N N / 0 0 / N 2.0 / N X 5 / 864105721 0 || 2026-04-28 10:47:13  / 0: 0 0 0 0 0 0 / 0: 0 0 0 0 0 0 / 0: 0 0 0 0 0 0""Magnetic Sensor Events size": "0""Pressure Sensor Events size": "0"}
04-28 10:47:14.299  2096  2148 E HeatmapThread: ECT Thread time in milliseconds: 1777362434
04-28 10:47:14.301  2096  2148 D HeatmapThread: !@ batteryplugType : 2
04-28 10:47:14.301  2096  2148 D HeatmapThread: !@ batteryLevel : 86  batteryTemperature : 378 
04-28 10:47:14.302  2096  2148 D HeatmapThread: !@ Heatmap currtime: 29622707
04-28 10:47:14.302  2096  2148 D HeatmapThread: !@ Heatmap prevtime: 29622680
04-28 10:47:14.302  2096  2148 D HeatmapThread: !@ Heatmap plugstarttime: 29622695
04-28 10:47:14.302  2096  2148 D HeatmapThread: !@ Heatmap prevv_dsoh_update_time: 29622508
04-28 10:47:14.302  2096  2148 E HeatmapThread: !@ CAM New BSOH: 100
04-28 10:47:14.308  2102  2787 I VSyncReactor: Current= 120, Period= 120, Distance= 0
04-28 10:47:14.312  3072  4692 D SGM:GameManager: identifyGamePackage. com.petpal.app, mCurrentUserId: 0, callingMethodInfo: com.samsung.android.game.SemGameManager.isGamePackage(SemGameManager.java:106)
04-28 10:47:14.312  3072  4692 D SGM:SemGameManager: isGamePackage(), pkgName=com.petpal.app, ret=false
04-28 10:47:14.316  2102  4418 I VSyncReactor: Current= 120, Period= 120, Distance= 120
04-28 10:47:14.528  8426  8426 I SDHMS:LOAD: type: LoadsFreqs, value: 3:0:0:672000:672000:672000:751488:3148800:499200:231:231:231
04-28 10:47:14.656  1995 26313 I sensors-hal: handle_sns_std_sensor_event:409, [SSC_LIGHT] P: 82(82),c:1,b:173,m:13,cl:0,l:78,s:82,l0:16512,l1:1056,s0:16000,s1:0,acl:1,opr:0.32,f(r):70,u(bl):71,if:0,wi:3,si:0,po:195(N:0)
04-28 10:47:14.672  1983  6188 I vendor.qti.bluetooth@1.1-ibs_handler: ProcessIbsCmd: Received IBS_WAKE_IND: 0xFD
04-28 10:47:14.672  1983  6188 D vendor.qti.bluetooth@1.1-ibs_handler: SerialClockVote: vote for UART CLK ON
04-28 10:47:14.673  1983  6188 D vendor.qti.bluetooth@1.1-wake_lock: Acquire wakelock is acquired 
04-28 10:47:14.673  1983  6188 I vendor.qti.bluetooth@1.1-ibs_handler: ProcessIbsCmd: Writing IBS_WAKE_ACK
04-28 10:47:14.685  5059  6222 I ScanController: onScanResult to scannerId: 5- eventType=0x1b, addressType=0, address=XX:XX:XX:XX:B6:C3, primaryPhy=1, secondaryPhy=0, advertisingSid=0xff, txPower=127, rssi=-57, periodicAdvInt=0x0
04-28 10:47:14.691  3072  4287 D WifiDisplayAdapter: getWifiDisplayStatusLocked: result=WifiDisplayStatus{featureState=2, scanState=0, activeDisplayState=0, activeDisplay=null, displays=[], sessionInfo=WifiDisplaySessionInfo:
04-28 10:47:14.691  3072  4287 D WifiDisplayAdapter:     Client/Owner: Client
04-28 10:47:14.691  3072  4287 D WifiDisplayAdapter:     GroupId: 
04-28 10:47:14.691  3072  4287 D WifiDisplayAdapter:     Passphrase: 
04-28 10:47:14.691  3072  4287 D WifiDisplayAdapter:     SessionId: 0
04-28 10:47:14.691  3072  4287 D WifiDisplayAdapter:     IP Address: }
04-28 10:47:14.692  3072  4287 D WifiDisplayAdapter: getWifiDisplayStatusLocked: result=WifiDisplayStatus{featureState=2, scanState=0, activeDisplayState=0, activeDisplay=null, displays=[], sessionInfo=WifiDisplaySessionInfo:
04-28 10:47:14.692  3072  4287 D WifiDisplayAdapter:     Client/Owner: Client
04-28 10:47:14.692  3072  4287 D WifiDisplayAdapter:     GroupId: 
04-28 10:47:14.692  3072  4287 D WifiDisplayAdapter:     Passphrase: 
04-28 10:47:14.692  3072  4287 D WifiDisplayAdapter:     SessionId: 0
04-28 10:47:14.692  3072  4287 D WifiDisplayAdapter:     IP Address: }
04-28 10:47:14.692  3072  4287 D WifiDisplayAdapter: getWifiDisplayStatusLocked: result=WifiDisplayStatus{featureState=2, scanState=0, activeDisplayState=0, activeDisplay=null, displays=[], sessionInfo=WifiDisplaySessionInfo:
04-28 10:47:14.692  3072  4287 D WifiDisplayAdapter:     Client/Owner: Client
04-28 10:47:14.692  3072  4287 D WifiDisplayAdapter:     GroupId: 
04-28 10:47:14.692  3072  4287 D WifiDisplayAdapter:     Passphrase: 
04-28 10:47:14.692  3072  4287 D WifiDisplayAdapter:     SessionId: 0
04-28 10:47:14.692  3072  4287 D WifiDisplayAdapter:     IP Address: }
04-28 10:47:14.693  3072  4287 D WifiDisplayAdapter: getWifiDisplayStatusLocked: result=WifiDisplayStatus{featureState=2, scanState=0, activeDisplayState=0, activeDisplay=null, displays=[], sessionInfo=WifiDisplaySessionInfo:
04-28 10:47:14.693  3072  4287 D WifiDisplayAdapter:     Client/Owner: Client
04-28 10:47:14.693  3072  4287 D WifiDisplayAdapter:     GroupId: 
04-28 10:47:14.693  3072  4287 D WifiDisplayAdapter:     Passphrase: 
04-28 10:47:14.693  3072  4287 D WifiDisplayAdapter:     SessionId: 0
04-28 10:47:14.693  3072  4287 D WifiDisplayAdapter:     IP Address: }
04-28 10:47:14.693 10420 10437 I [+0300]oneconnect[1.8.45.24_01][BEACON_MANAGER_CONTROL_SERVICE]: TvOcfParser.onReceive - TV Popup Onboarding is skipped - ($)
04-28 10:47:14.724  1983  6188 I vendor.qti.bluetooth@1.1-ibs_handler: ProcessIbsCmd: Received IBS_SLEEP_IND: 0xFE
04-28 10:47:14.724  1983  6188 D vendor.qti.bluetooth@1.1-ibs_handler: SerialClockVote: vote for UART CLK OFF
04-28 10:47:14.874  1983  5465 D vendor.qti.bluetooth@1.1-wake_lock: Release wakelock is released 
04-28 10:47:14.925  3072  4701 D SemWifiSwitchForIndividualAppsService: isSkipNetworkCondition - result:2
04-28 10:47:15.299  2096  2148 E HeatmapThread: ECT Thread time in milliseconds: 1777362435
04-28 10:47:15.303  2096  2148 D HeatmapThread: !@ batteryplugType : 2
04-28 10:47:15.303  2096  2148 D HeatmapThread: !@ batteryLevel : 86  batteryTemperature : 378 
04-28 10:47:15.303  2096  2148 D HeatmapThread: !@ Heatmap currtime: 29622707
04-28 10:47:15.303  2096  2148 D HeatmapThread: !@ Heatmap prevtime: 29622680
04-28 10:47:15.303  2096  2148 D HeatmapThread: !@ Heatmap plugstarttime: 29622695
04-28 10:47:15.303  2096  2148 D HeatmapThread: !@ Heatmap prevv_dsoh_update_time: 29622508
04-28 10:47:15.303  2096  2148 E HeatmapThread: !@ CAM New BSOH: 100
04-28 10:47:15.455  1995 26340 I sensors-hal: handle_sns_std_sensor_event:90, light_cct: ts = 1556978813946259 ns; value = [82, 82, 33, 83, 57, 173, 0, 66, 16480, 0]
04-28 10:47:15.521  1211  1211 D io_stats: !@   8,0 r 211121115 4226813000 w 53126472 1021851040 d 6838436 995008016 f 1576423 3506185 iot 33811760 0 th 0 0 0 pt 0 inp 0 0 864106.947
04-28 10:47:15.776  1995 20473 I sensors-hal: handle_sns_client_event:375, [0][143747] accel_sample [ 0.213,  0.459,  9.827] 1556978889468603
04-28 10:47:15.940  3072  4701 D SemWifiSwitchForIndividualAppsService: isSkipNetworkCondition - result:2
04-28 10:47:16.299  2096  2148 E HeatmapThread: ECT Thread time in milliseconds: 1777362436
04-28 10:47:16.302  2096  2148 D HeatmapThread: !@ batteryplugType : 2
04-28 10:47:16.302  2096  2148 D HeatmapThread: !@ batteryLevel : 86  batteryTemperature : 378 
04-28 10:47:16.302  2096  2148 D HeatmapThread: !@ Heatmap currtime: 29622707
04-28 10:47:16.302  2096  2148 D HeatmapThread: !@ Heatmap prevtime: 29622680
04-28 10:47:16.302  2096  2148 D HeatmapThread: !@ Heatmap plugstarttime: 29622695
04-28 10:47:16.302  2096  2148 D HeatmapThread: !@ Heatmap prevv_dsoh_update_time: 29622508
04-28 10:47:16.302  2096  2148 E HeatmapThread: !@ CAM New BSOH: 100
04-28 10:47:16.955  3072  4701 D SemWifiSwitchForIndividualAppsService: isSkipNetworkCondition - result:2
04-28 10:47:16.978  3072  3254 I ActivityManager: Changes in 5009 5 to 10, 144 to 128
04-28 10:47:16.981  2453  4285 I CameraService: onUidStateChanged: uid=5009, procState is changed. (5 -> 10)
04-28 10:47:17.299  2096  2148 E HeatmapThread: ECT Thread time in milliseconds: 1777362437
04-28 10:47:17.303  2096  2148 D HeatmapThread: !@ batteryplugType : 2
04-28 10:47:17.303  2096  2148 D HeatmapThread: !@ batteryLevel : 86  batteryTemperature : 378 
04-28 10:47:17.303  2096  2148 D HeatmapThread: !@ Heatmap currtime: 29622707
04-28 10:47:17.303  2096  2148 D HeatmapThread: !@ Heatmap prevtime: 29622680
04-28 10:47:17.303  2096  2148 D HeatmapThread: !@ Heatmap plugstarttime: 29622695
04-28 10:47:17.303  2096  2148 D HeatmapThread: !@ Heatmap prevv_dsoh_update_time: 29622508
04-28 10:47:17.304  2096  2148 E HeatmapThread: !@ CAM New BSOH: 100
04-28 10:47:17.324  3072  6600 D SemWifiUsabilityStatsMonitor: onWifiUsabilityStats - seqNum 140042, isSameBssidAndFreq true
04-28 10:47:17.326  3072  4675 D InsDataManager: onOutageCountUpdate() - Outage Data: 0, LQ : N. Outage Triggered: false
04-28 10:47:17.326  3072  4675 D SemInsManager: {"bssid": "6056a9715180","rssi": -62.0,"latency": 0.0,"outage_count": 0,"lq_callback_triggered": false,"outage_log": "Unreliable statistics: -62.0 / 0 / 0 / 0 / 0 || 6056a9715180: 0.000 / 0.000 / @ || N N / 0 0 / N 2.0 / N X 5 / 864108750 0 || 2026-04-28 10:47:16  / 0: 0 0 0 0 0 0 / 0: 0 0 0 0 0 0 / 0: 0 0 0 0 0 0""Magnetic Sensor Events size": "0""Pressure Sensor Events size": "0"}
04-28 10:47:17.352  3072  4692 D SGM:GameManager: identifyGamePackage. com.petpal.app, mCurrentUserId: 0, callingMethodInfo: com.samsung.android.game.SemGameManager.isGamePackage(SemGameManager.java:106)
04-28 10:47:17.352  3072  4692 D SGM:SemGameManager: isGamePackage(), pkgName=com.petpal.app, ret=false
04-28 10:47:17.522  1211  1211 D io_stats: !@ Read_top(KB): .gms.persistent(17123) 4
04-28 10:47:17.523  1211  1211 D io_stats: !@ Write_top(KB): kworker/u16:4(2797) 960 .gms.persistent(17123) 12
04-28 10:47:17.983  3072  4701 D SemWifiSwitchForIndividualAppsService: isSkipNetworkCondition - result:2
04-28 10:47:18.015  1995 26340 I sensors-hal: handle_sns_std_sensor_event:90, light_cct: ts = 1556981373946676 ns; value = [80, 80, 33, 83, 55, 173, 0, 66, 16384, 0]
04-28 10:47:18.176  1995 26313 I sensors-hal: handle_sns_std_sensor_event:409, [SSC_LIGHT] P: 82(82),c:1,b:173,m:13,cl:0,l:77,s:82,l0:16384,l1:1056,s0:16000,s1:0,acl:1,opr:0.32,f(r):70,u(bl):71,if:0,wi:3,si:0,po:195(N:0)
04-28 10:47:18.176  1995 20473 I sensors-hal: handle_sns_client_event:375, [0][143980] accel_sample [ 0.201,  0.467,  9.925] 1556980896429123
04-28 10:47:18.299  2096  2148 E HeatmapThread: ECT Thread time in milliseconds: 1777362438
04-28 10:47:18.304  2096  2148 D HeatmapThread: !@ batteryplugType : 2
04-28 10:47:18.304  2096  2148 D HeatmapThread: !@ batteryLevel : 86  batteryTemperature : 378 
04-28 10:47:18.304  2096  2148 D HeatmapThread: !@ Heatmap currtime: 29622707
04-28 10:47:18.304  2096  2148 D HeatmapThread: !@ Heatmap prevtime: 29622680
04-28 10:47:18.305  2096  2148 D HeatmapThread: !@ Heatmap plugstarttime: 29622695
04-28 10:47:18.305  2096  2148 D HeatmapThread: !@ Heatmap prevv_dsoh_update_time: 29622508
04-28 10:47:18.305  2096  2148 E HeatmapThread: !@ CAM New BSOH: 100
04-28 10:47:18.656  1995  4777 I sensors-hal: handle_sns_std_sensor_event:131, [SSC_LIGHT] A: 82(82),c:1,b:173,m:13,cl:0,l:77,s:82,l0:16384,l1:1056,s0:16000,s1:0,acl:1,opr:0.32,f(r):70,u(bl):71,if:0,wi:3,si:93,po:195(N:0)
04-28 10:47:18.716  3072  4287 E BatteryStatsService: Invalid uid for waking network packet: -1
04-28 10:47:18.821 17123 17123 D BoundBrokerSvc: onUnbind: Intent { act=com.google.android.gms.libs.gmscorelogger.service.START dat=chimera-action:/... xflg=0x4 cmp=com.google.android.gms/.chimera.PersistentDirectBootAwareApiService }
04-28 10:47:19.006  3072  4701 D SemWifiSwitchForIndividualAppsService: isSkipNetworkCondition - result:2
04-28 10:47:19.301  2096  2148 E HeatmapThread: ECT Thread time in milliseconds: 1777362439
04-28 10:47:19.304  2096  2148 D HeatmapThread: !@ batteryplugType : 2
04-28 10:47:19.304  2096  2148 D HeatmapThread: !@ batteryLevel : 86  batteryTemperature : 378 
04-28 10:47:19.304  2096  2148 D HeatmapThread: !@ Heatmap currtime: 29622707
04-28 10:47:19.304  2096  2148 D HeatmapThread: !@ Heatmap prevtime: 29622680
04-28 10:47:19.304  2096  2148 D HeatmapThread: !@ Heatmap plugstarttime: 29622695
04-28 10:47:19.304  2096  2148 D HeatmapThread: !@ Heatmap prevv_dsoh_update_time: 29622508
04-28 10:47:19.304  2096  2148 E HeatmapThread: !@ CAM New BSOH: 100
04-28 10:47:19.523  1211  1211 D io_stats: !@   8,0 r 211121116 4226813256 w 53126472 1021851040 d 6838436 995008016 f 1576423 3506185 iot 33811772 0 th 0 0 0 pt 0 inp 0 0 864110.949
04-28 10:47:19.616  1995 20473 I sensors-hal: handle_sns_client_event:375, [0][144213] accel_sample [ 0.199,  0.474,  9.935] 1556982903389488
04-28 10:47:19.936  3072  5288 W ParceledListSlice: Element #45 is 19036 bytes.
04-28 10:47:19.940  3072  5288 W ParceledListSlice: Element #80 is 20440 bytes.
04-28 10:47:19.944  3072  5288 W ParceledListSlice: Element #102 is 19012 bytes.
04-28 10:47:19.961  3072  5288 W ParceledListSlice: Element #215 is 191100 bytes.
04-28 10:47:19.961  3072  5288 W ParceledListSlice: Overly large reply size: 236620
04-28 10:47:19.973  3072  5288 W ParceledListSlice: Element #244 is 23076 bytes.
04-28 10:47:19.976  3072  5288 W ParceledListSlice: Element #269 is 16584 bytes.
04-28 10:47:19.978  3072  5288 W ParceledListSlice: Element #276 is 25440 bytes.
04-28 10:47:19.982  3072  5288 W ParceledListSlice: Element #301 is 23428 bytes.
04-28 10:47:19.986  3072  5288 W ParceledListSlice: Element #344 is 20544 bytes.
04-28 10:47:19.986  3072  5288 W ParceledListSlice: Overly large reply size: 82252
04-28 10:47:19.988  3072  5288 W ParceledListSlice: Element #352 is 17296 bytes.
04-28 10:47:19.990  3072  5288 W ParceledListSlice: Element #361 is 23104 bytes.
04-28 10:47:19.996  3072  5288 W ParceledListSlice: Element #412 is 46176 bytes.
04-28 10:47:20.002  3072  5288 W ParceledListSlice: Element #460 is 16400 bytes.
04-28 10:47:20.002  3072  5288 W ParceledListSlice: Element #462 is 20072 bytes.
04-28 10:47:20.004  3072  5288 W ParceledListSlice: Element #463 is 17952 bytes.
04-28 10:47:20.006  3072  5288 W ParceledListSlice: Element #481 is 21992 bytes.
04-28 10:47:20.008  3072  5288 W ParceledListSlice: Element #494 is 16876 bytes.
04-28 10:47:20.012  3072  5288 W ParceledListSlice: Element #534 is 27880 bytes.
04-28 10:47:20.014  3072  5288 W ParceledListSlice: Element #542 is 76488 bytes.
04-28 10:47:20.014  3072  5288 W ParceledListSlice: Overly large reply size: 86716
04-28 10:47:20.020  3072  5288 W ParceledListSlice: Element #577 is 21404 bytes.
04-28 10:47:20.022  3072  5288 W ParceledListSlice: Element #590 is 19280 bytes.
04-28 10:47:20.024  3072  5288 W ParceledListSlice: Element #600 is 25832 bytes.
04-28 10:47:20.024  3072  5288 W ParceledListSlice: Element #602 is 19416 bytes.
04-28 10:47:20.024  3072  4701 D SemWifiSwitchForIndividualAppsService: isSkipNetworkCondition - result:2
04-28 10:47:20.032  3072  5288 W ParceledListSlice: Element #653 is 30868 bytes.
04-28 10:47:20.035  3072  5288 W ParceledListSlice: Element #679 is 27408 bytes.
04-28 10:47:20.037  3072  5288 W ParceledListSlice: Element #693 is 25892 bytes.
04-28 10:47:20.039  3072  5288 W ParceledListSlice: Element #707 is 25660 bytes.
04-28 10:47:20.043  3072  5288 W ParceledListSlice: Element #736 is 17364 bytes.
04-28 10:47:20.116  1983  6188 I vendor.qti.bluetooth@1.1-ibs_handler: ProcessIbsCmd: Received IBS_WAKE_IND: 0xFD
04-28 10:47:20.116  1983  6188 D vendor.qti.bluetooth@1.1-ibs_handler: SerialClockVote: vote for UART CLK ON
04-28 10:47:20.116  1983  6188 D vendor.qti.bluetooth@1.1-wake_lock: Acquire wakelock is acquired 
04-28 10:47:20.116  1983  6188 I vendor.qti.bluetooth@1.1-ibs_handler: ProcessIbsCmd: Writing IBS_WAKE_ACK
04-28 10:47:20.125  5059  6222 I ScanController: onScanResult to scannerId: 5- eventType=0x1b, addressType=0, address=XX:XX:XX:XX:B6:C3, primaryPhy=1, secondaryPhy=0, advertisingSid=0xff, txPower=127, rssi=-58, periodicAdvInt=0x0
04-28 10:47:20.128 17852 17897 I BCMGR[11.2.04.4]: BeaconMainController] onReceive - [1 : ST packet!][2 : ST packet!][3 : ST packet!][4 : ST packet!][5 : ST packet!][6 : ST packet!][7 : ST packet!][8 : ST packet!][9 : ST packet!][10 : ST packet!]
04-28 10:47:20.131 10420 10437 I [+0300]oneconnect[1.8.45.24_01][BEACON_MANAGER_CONTROL_SERVICE]: TvOcfParser.onReceive - TV Popup Onboarding is skipped - ($)
04-28 10:47:20.137  5059  6222 I ScanController: onScanResult to scannerId: 5- eventType=0x1b, addressType=0, address=XX:XX:XX:XX:B6:C3, primaryPhy=1, secondaryPhy=0, advertisingSid=0xff, txPower=127, rssi=-57, periodicAdvInt=0x0
04-28 10:47:20.176  1983  6188 I vendor.qti.bluetooth@1.1-ibs_handler: ProcessIbsCmd: Received IBS_SLEEP_IND: 0xFE
04-28 10:47:20.176  1983  6188 D vendor.qti.bluetooth@1.1-ibs_handler: SerialClockVote: vote for UART CLK OFF
04-28 10:47:20.299  2096  2148 E HeatmapThread: ECT Thread time in milliseconds: 1777362440
04-28 10:47:20.302  2096  2148 D HeatmapThread: !@ batteryplugType : 2
04-28 10:47:20.303  2096  2148 D HeatmapThread: !@ batteryLevel : 86  batteryTemperature : 378 
04-28 10:47:20.303  2096  2148 D HeatmapThread: !@ Heatmap currtime: 29622707
04-28 10:47:20.303  2096  2148 D HeatmapThread: !@ Heatmap prevtime: 29622680
04-28 10:47:20.303  2096  2148 D HeatmapThread: !@ Heatmap plugstarttime: 29622695
04-28 10:47:20.303  2096  2148 D HeatmapThread: !@ Heatmap prevv_dsoh_update_time: 29622508
04-28 10:47:20.303  2096  2148 E HeatmapThread: !@ CAM New BSOH: 100
04-28 10:47:20.327  1983  5465 D vendor.qti.bluetooth@1.1-wake_lock: Release wakelock is released 
04-28 10:47:20.360  5020  5774 D SatelliteController: isInCarrierRoamingNbIotNtn: satellite is disabled
04-28 10:47:20.362  3072  6600 D SemWifiUsabilityStatsMonitor: onWifiUsabilityStats - seqNum 140043, isSameBssidAndFreq true
04-28 10:47:20.362  5338  5338 I EPDG -- SIM0 [SMARTWIFI]: isProfiling, hash=172521687, started=true
04-28 10:47:20.364  5338  5338 I EPDG -- SIM0 [SMARTWIFI]: isProfiling, hash=172521687, started=true
04-28 10:47:20.364  5338  5338 I EPDG -- SIM0 [SMARTWIFI]: Rssi : -61 highrange : -75 lowrange : -85 mIsRssiInHystersis : false
04-28 10:47:20.364  5338  5338 I EPDG -- SIM0 [SMARTWIFI]: Rssi : -61 highrange : -75 lowrange : -85 mIsRssiInHystersis : false
04-28 10:47:20.364  5338  5338 I EPDG -- SIM0 [SMARTWIFI]: getHandoverThresholdMet: value is: false
04-28 10:47:20.366  5338  5338 I EPDG -- SIM0 [SMARTCELLULAR]: onSignalStrengthsChanged: SignalStrength:{mCdma=Invalid,mGsm=Invalid,mWcdma=Invalid,mTdscdma=Invalid,mLte=CellSignalStrengthLte: rssi=-67 rsrp=-99 rsrq=-12 rssnr=4 cqiTableIndex=2147483647 cqi=2147483647 ta=2147483647 level=3 parametersUseForLevel=0,mNr=Invalid,SignalBarInfo{ lteLevel=3 },rat=14,primary=CellSignalStrengthLte}
04-28 10:47:20.367  5338  7026 I EPDG -- SIM0 [SMARTCELLULAR]: lastLteRSRP is -99 currentLteRSRP is -99 lastLteRSRQ is -13 currentLteRSRQ is -12 lastLteSNR is 4 currentLteSNR is 4
04-28 10:47:20.368  3072  4675 D InsDataManager: onOutageCountUpdate() - Outage Data: 0, LQ : N. Outage Triggered: false
04-28 10:47:20.368  3072  4675 D SemInsManager: {"bssid": "6056a9715180","rssi": -61.0,"latency": 0.0,"outage_count": 0,"lq_callback_triggered": false,"outage_log": "Unreliable statistics: -61.0 / 0 / 70 / 2 / 0 || 6056a9715180: 0.000 / 0.000 / @ || N N / 0 0 / N 2.0 / N X 5 / 864111788 0 || 2026-04-28 10:47:20  / 0: 0 0 0 0 0 0 / 0: 0 0 0 0 0 0 / 0: 0 0 0 0 0 0""Magnetic Sensor Events size": "0""Pressure Sensor Events size": "0"}
04-28 10:47:20.383  3072  4692 D SGM:GameManager: identifyGamePackage. com.petpal.app, mCurrentUserId: 0, callingMethodInfo: com.samsung.android.game.SemGameManager.isGamePackage(SemGameManager.java:106)
04-28 10:47:20.384  3072  4692 D SGM:SemGameManager: isGamePackage(), pkgName=com.petpal.app, ret=false
04-28 10:47:20.451  2040  2118 E BatteryDump: !@new_battery_dump : 4205,293,475,550,86,378,325,361,378,0,359,361,0,Charging,NO_CHARGING,Normal,Good,USB,1,Normal,0,0,9300,0x0,0x10000,0x0,0,0,0000,0000,00000000,0,0,0,0,491,4178,8574,987,0,
04-28 10:47:20.454  2062  2062 I seh_thermal_service: getTemperaturesWithType SehTemperatureType: 3
04-28 10:47:20.454  2040  2040 I sehhealth-service: updateLrpSysfs: write: 360
04-28 10:47:20.576  1995 26340 I sensors-hal: handle_sns_std_sensor_event:90, light_cct: ts = 1556983933935894 ns; value = [79, 79, 33, 83, 55, 173, 0, 66, 16384, 93]
04-28 10:47:20.736  1995 26313 I sensors-hal: handle_sns_std_sensor_event:409, [SSC_LIGHT] P: 80(80),c:1,b:173,m:13,cl:0,l:77,s:79,l0:16384,l1:1056,s0:15500,s1:0,acl:1,opr:0.32,f(r):70,u(bl):71,if:0,wi:3,si:0,po:195(N:0)
04-28 10:47:20.893  1232 31112 I keystore2: system/security/keystore2/watchdog/src/lib.rs:377 - Watchdog thread idle -> terminating. Have a great day.
04-28 10:47:20.991 31726 31726 I wpa_supplicant: Heartbeat 21046
04-28 10:47:21.039  3072  4701 D SemWifiSwitchForIndividualAppsService: isSkipNetworkCondition - result:2
04-28 10:47:21.111  1995  4777 I sensors-hal: handle_sns_client_event:190, auto_rotation_debug_2 mode,255, type,1,0 acc,0.187,0.483,9.925, ar,0, ver,14, pedo,1,e,1,i,3
04-28 10:47:21.299  2096  2148 E HeatmapThread: ECT Thread time in milliseconds: 1777362441
04-28 10:47:21.302  2096  2148 D HeatmapThread: !@ batteryplugType : 2
04-28 10:47:21.302  2096  2148 D HeatmapThread: !@ batteryLevel : 86  batteryTemperature : 378 
04-28 10:47:21.302  2096  2148 D HeatmapThread: !@ Heatmap currtime: 29622707
04-28 10:47:21.302  2096  2148 D HeatmapThread: !@ Heatmap prevtime: 29622680
04-28 10:47:21.302  2096  2148 D HeatmapThread: !@ Heatmap plugstarttime: 29622695
04-28 10:47:21.302  2096  2148 D HeatmapThread: !@ Heatmap prevv_dsoh_update_time: 29622508
04-28 10:47:21.302  2096  2148 E HeatmapThread: !@ CAM New BSOH: 100
04-28 10:47:21.524  1211  1211 D io_stats: !@   8,0 r 211121116 4226813256 w 53126484 1021851232 d 6838437 995008020 f 1576424 3506186 iot 33811800 0 th 0 0 0 pt 0 inp 0 0 864112.950
04-28 10:47:21.525  1211  1211 D io_stats: !@ Read_top(KB): kworker/u16:7(16185) 256
04-28 10:47:21.525  1211  1211 D io_stats: !@ Write_top(KB): kworker/u16:4(2797) 148 jbd2/sda9-8(1172) 20 vendor.samsung.(2040) 12
04-28 10:47:21.527  3072  3252 E Watchdog: !@Sync: 28784 heap(MB): 233 / 241 FD: 1600 [2026-04-28 10:47:21.527]
04-28 10:47:21.800  3072  4709 D WifiConnectivityMonitor.NetworkStatsAnalyzer: Backhaul result - RSSI:-61, CE:19, PE:19, TI:23, PTI:23, TW:0, PTW:0, Tx:0, Rx:1, TxS:0, RxS:0, RESULT:true, IC:0, ICT:5, WC:0, WCT:5, R:0, RC:0, IE:0, EC:0
04-28 10:47:22.053  3072  4701 D SemWifiSwitchForIndividualAppsService: isSkipNetworkCondition - result:2
04-28 10:47:22.193  1983  6188 I vendor.qti.bluetooth@1.1-ibs_handler: ProcessIbsCmd: Received IBS_WAKE_IND: 0xFD
04-28 10:47:22.194  1983  6188 D vendor.qti.bluetooth@1.1-ibs_handler: SerialClockVote: vote for UART CLK ON
04-28 10:47:22.194  1983  6188 D vendor.qti.bluetooth@1.1-wake_lock: Acquire wakelock is acquired 
04-28 10:47:22.195  1983  6188 I vendor.qti.bluetooth@1.1-ibs_handler: ProcessIbsCmd: Writing IBS_WAKE_ACK
04-28 10:47:22.208  5059  6222 I ScanController: onScanResult to scannerId: 5- eventType=0x1b, addressType=0, address=XX:XX:XX:XX:B6:C3, primaryPhy=1, secondaryPhy=0, advertisingSid=0xff, txPower=127, rssi=-60, periodicAdvInt=0x0
04-28 10:47:22.245  1983  6188 I vendor.qti.bluetooth@1.1-ibs_handler: ProcessIbsCmd: Received IBS_SLEEP_IND: 0xFE
04-28 10:47:22.245  1983  6188 D vendor.qti.bluetooth@1.1-ibs_handler: SerialClockVote: vote for UART CLK OFF
04-28 10:47:22.300  2096  2148 E HeatmapThread: ECT Thread time in milliseconds: 1777362442
04-28 10:47:22.303  2096  2148 D HeatmapThread: !@ batteryplugType : 2
04-28 10:47:22.303  2096  2148 D HeatmapThread: !@ batteryLevel : 86  batteryTemperature : 378 
04-28 10:47:22.303  2096  2148 D HeatmapThread: !@ Heatmap currtime: 29622707
04-28 10:47:22.303  2096  2148 D HeatmapThread: !@ Heatmap prevtime: 29622680
04-28 10:47:22.303  2096  2148 D HeatmapThread: !@ Heatmap plugstarttime: 29622695
04-28 10:47:22.303  2096  2148 D HeatmapThread: !@ Heatmap prevv_dsoh_update_time: 29622508
04-28 10:47:22.303  2096  2148 E HeatmapThread: !@ CAM New BSOH: 100
04-28 10:47:22.386  3072  4303 I ActivityManager: Changes in 10347 10 to 10, 128 to 0
04-28 10:47:22.396  1983  5465 D vendor.qti.bluetooth@1.1-wake_lock: Release wakelock is released 
04-28 10:47:22.656  1995 20473 I sensors-hal: handle_sns_client_event:375, [0][144446] accel_sample [ 0.194,  0.447,  9.933] 1556984910349644
04-28 10:47:22.848 17123 30998 I NearbyMediums: No BLE Fast/GATT advertisements found in the latest cycle.
04-28 10:47:22.849 17123 30998 I NearbyMediums: Current Tracked Scanning Clients are : {NearbyConnections.EnvironmentMonitor, NearbySharing, NearbyConnections.TxAdvertisement}
04-28 10:47:23.069  3072  4701 D SemWifiSwitchForIndividualAppsService: isSkipNetworkCondition - result:2
04-28 10:47:23.136  1995 26340 I sensors-hal: handle_sns_std_sensor_event:90, light_cct: ts = 1556986493947561 ns; value = [80, 80, 33, 83, 57, 173, 0, 66, 16448, 0]
04-28 10:47:23.299  2096  2148 E HeatmapThread: ECT Thread time in milliseconds: 1777362443
04-28 10:47:23.302  2096  2148 D HeatmapThread: !@ batteryplugType : 2
04-28 10:47:23.302  2096  2148 D HeatmapThread: !@ batteryLevel : 86  batteryTemperature : 378 
04-28 10:47:23.302  2096  2148 D HeatmapThread: !@ Heatmap currtime: 29622707
04-28 10:47:23.302  2096  2148 D HeatmapThread: !@ Heatmap prevtime: 29622680
04-28 10:47:23.302  2096  2148 D HeatmapThread: !@ Heatmap plugstarttime: 29622695
04-28 10:47:23.302  2096  2148 D HeatmapThread: !@ Heatmap prevv_dsoh_update_time: 29622508
04-28 10:47:23.303  2096  2148 E HeatmapThread: !@ CAM New BSOH: 100
04-28 10:47:23.389  6705  7012 I ehlg    : (REDACTED) appOpsListener %s %s
04-28 10:47:23.390  6705  7012 I ehlg    : (REDACTED) Ignoring irrelevant audio permission changes for package %s
04-28 10:47:23.391  5630  5742 I RequestManager_FLP: onOpChanged, op=0 / packageName=com.sec.android.app.shealth
04-28 10:47:23.396  3072  6600 D SemWifiUsabilityStatsMonitor: onWifiUsabilityStats - seqNum 140044, isSameBssidAndFreq true
04-28 10:47:23.398  3072  4675 D InsDataManager: onOutageCountUpdate() - Outage Data: 0, LQ : N. Outage Triggered: false
04-28 10:47:23.399  3072  4675 D SemInsManager: {"bssid": "6056a9715180","rssi": -61.0,"latency": 0.0,"outage_count": 0,"lq_callback_triggered": false,"outage_log": "Unreliable statistics: -61.0 / 0 / 0 / 0 / 0 || 6056a9715180: 0.000 / 0.000 / @ || N N / 0 0 / N 2.0 / N X 5 / 864114822 0 || 2026-04-28 10:47:23  / 0: 0 0 0 0 0 0 / 0: 0 0 0 0 0 0 / 0: 0 0 0 0 0 0""Magnetic Sensor Events size": "0""Pressure Sensor Events size": "0"}
04-28 10:47:23.420  3072  4692 D SGM:GameManager: identifyGamePackage. com.petpal.app, mCurrentUserId: 0, callingMethodInfo: com.samsung.android.game.SemGameManager.isGamePackage(SemGameManager.java:106)
04-28 10:47:23.420  3072  4692 D SGM:SemGameManager: isGamePackage(), pkgName=com.petpal.app, ret=false
04-28 10:47:23.526  1211  1211 D io_stats: !@   8,0 r 211121122 4226813280 w 53126486 1021851240 d 6838437 995008020 f 1576424 3506186 iot 33811816 0 th 0 0 0 pt 0 inp 0 0 864114.951
04-28 10:47:23.573 17123 17123 D BoundBrokerSvc: onUnbind: Intent { act=com.google.android.gms.clearcut.sampler.service.START dat=chimera-action:/... xflg=0x4 cmp=com.google.android.gms/.chimera.PersistentDirectBootAwareApiService }
04-28 10:47:23.706  1995 20473 I sensors-hal: handle_sns_client_event:375, [0][144679] accel_sample [ 0.189,  0.452,  9.928] 1556986917309592
04-28 10:47:23.770  3072  4319 D ActivityManager: freezing 25175 com.samsung.android.globalpostprocmgr
04-28 10:47:23.776  1995 26313 I sensors-hal: handle_sns_std_sensor_event:409, [SSC_LIGHT] P: 82(82),c:1,b:173,m:13,cl:0,l:78,s:82,l0:16448,l1:1056,s0:16000,s1:0,acl:1,opr:0.32,f(r):70,u(bl):71,if:0,wi:3,si:93,po:195(N:0)
04-28 10:47:23.776  1995  4777 I sensors-hal: handle_sns_std_sensor_event:131, [SSC_LIGHT] A: 82(82),c:1,b:173,m:13,cl:0,l:78,s:82,l0:16448,l1:1056,s0:16000,s1:0,acl:1,opr:0.32,f(r):70,u(bl):71,if:0,wi:3,si:93,po:195(N:0)
04-28 10:47:23.777  8426  9263 I SDHMS:x : SIOP:: AP:375 BAT:378 USB:325 CHG:361 PA:376 WIFI:374 CF:372 BLK:0 SUBBAT:0 LRPTHM:369 SKIN:359 SKINF:347 SKINB:359 LRP2:359 LRF2:347 LRB2:359 AP2:358 CHG2:357 WIFI2:359 RCV2:340 SPK2:324 FCAM:324 UPSPK:372 DNSPK:323 VAP02:376 VWIFI:378 AMB2:278 AVGCUR:380 AVGSYS:158 POWER:1594
04-28 10:47:23.783  1995  1995 I sensors-hal: set_config:64, no need to adjust sample_period_ns due to reporting_mode = 2
04-28 10:47:23.784  3072  3072 D SemWifiP2pGoPowerSave: GopsReceiver : received : com.samsung.intent.action.CHECK_SIOP_LEVEL
04-28 10:47:23.784  3072  3072 I SemWifiP2pGoPowerSave: siop_level = -1
04-28 10:47:23.785  3072  3255 D ActivityManager: sync unfroze 25175 com.samsung.android.globalpostprocmgr for 3
04-28 10:47:23.788  1995  1995 I sensors-hal: send_sensor_config_request:645, dt=ambient_light: convert sample_period=200000000 to batch_period=200000
04-28 10:47:23.788  1995  1995 I sensors-hal: send_sync_sensor_request:508, send sync request
04-28 10:47:23.788  1995  1995 I sensors-hal: send_sync_sensor_request:518, send_sync_sensor_request before send_request for ambient_light with SUID low=3046173514946711665 high=5156882063447517846
04-28 10:47:23.788  1995  1995 I sensors-hal: send_sync_sensor_request:537, wait for notification of response
04-28 10:47:23.788 15217 12105 I [SC]CtbDeviceRepository: updateSiopLevel. siopLevel: -1
04-28 10:47:23.788 15217 31129 I [SC][ConfigurationPolicyRepositoryImpl]: getConcurrency. concurrency: 4, siop level: -1
04-28 10:47:23.789 15217 31129 I [SC][SyncStarter]: Device thermal status updated to overheated: false
04-28 10:47:23.789 25175 25217 I a       : [#GPP#] onReceive completed :  0
04-28 10:47:23.789 25175 25175 I c       : [#GPP#] EVENT_SIOP: -1 
04-28 10:47:23.789 25175 25175 I o       : [#GPP#] Send sendSystemConditionChangeNotification 
04-28 10:47:23.789  1995  4777 I sensors-hal: qsh_conn_resp_cb:930, resp_value = 0 for ambient_light 
04-28 10:47:23.790  1995  1995 I sensors-hal: send_sync_sensor_request:543, takes 1 ms to receive the response with 0
04-28 10:47:23.790  1995  1995 I sensors-hal: batch:363, android.sensor.light/51, period=200000000, max_latency=0 request completed
04-28 10:47:23.792  1995  1995 D SensorsFlicker: Als_common::setDelay, handle : 1 time : 10000000ns
04-28 10:47:23.792  1995  1995 D SensorsFlicker: Als_common::enable, handle : 1, mode : 1, en : 1
04-28 10:47:23.793  1995 31130 D SensorsFlicker: Als_common::sendCommand, send enable command
04-28 10:47:23.794  3072  5288 D SemContextService: lock : registerCallback
04-28 10:47:23.794  3072  5288 W CAE     : registerCallback(ContextAwareService.java:188) - [regi 01] Mutex is locked for TEST_FLAT_MOTION
04-28 10:47:23.794  3072  5288 W CAE     : registerCallback(ContextAwareService.java:195) - [regi 04]  com.samsung.android.contextaware.ContextAwareManager$CaListenerDelegate@7bb16a5
04-28 10:47:23.794  3072  5288 W CAE     : getListener(ListenerListManager.java:127) - [getListener1]  com.samsung.android.contextaware.ContextAwareManager$CaListenerDelegate@7bb16a5
04-28 10:47:23.794  3072  5288 W CAE     : getListener(ListenerListManager.java:128) - [getListener2]  com.samsung.android.contextaware.manager.ContextAwareService$Listener@a4e0c9c
04-28 10:47:23.794  3072  5288 V CAE     : start(ContextProvider.java:128)
04-28 10:47:23.795  3072  5288 V CAE     : clear(TestFlatMotionRunner.java:126)
04-28 10:47:23.795  3072  5288 V CAE     : enable(TestFlatMotionRunner.java:102)
04-28 10:47:23.795  3072  4553 D SensorService: setSContextDataLocked ints length 2 , byte length 4
04-28 10:47:23.796  3072  4553 D SensorService: setSContextDataLocked 17b1
04-28 10:47:23.796  1995  1995 I sensors-hal: inject_sensor_data:407, handle 1502 send inject
04-28 10:47:23.796  1995  1995 I sensors-hal: sendContextData:290, sensor hal 4, (0xb1, 0x17, 0x0, 0x0)
04-28 10:47:23.796  1995  1995 I sensors-hal: sendContextData:349, enable:177, handle:8, algo:26279936
04-28 10:47:23.796  1995  1995 I sensors-hal: is_restrict_mode:147, mode:normal
04-28 10:47:23.796  1995  1995 I sensors-hal: sendContextData:108, device_position 4
04-28 10:47:23.796  1995  1995 I sensors-hal: acquire_qsh_interface:139, acquire_qsh_interface with sensor_id 46 , conn_type 2 
04-28 10:47:23.796  1995  1995 I sensors-hal: acquire_qsh_interface:149, returning _shared_instance[SHARED_SENSORHUBS].conn
04-28 10:47:23.796  1995  1995 I sensors-hal: acquire_shared_instance:173, re-use existing connection for type 2 
04-28 10:47:23.796  1995  1995 I sensors-hal: register_cb:304, suid(low=11077485164857655296,high=1320970896291267344) is new. register callbacks
04-28 10:47:23.796  1995  1995 I sensors-hal: create_sensor_config_request:48, device_position create_sensor_config_request
04-28 10:47:23.796  1995  1995 I sensors-hal: send_sensor_config_request:645, dt=device_position: convert sample_period=0 to batch_period=0
04-28 10:47:23.796  1995  1995 I sensors-hal: send_sync_sensor_request:508, send sync request
04-28 10:47:23.796  1995  1995 I sensors-hal: send_sync_sensor_request:518, send_sync_sensor_request before send_request for device_position with SUID low=11077485164857655296 high=1320970896291267344
04-28 10:47:23.796  1995  1995 I sensors-hal: send_sync_sensor_request:537, wait for notification of response
04-28 10:47:23.798  1995  4551 I sensors-hal: qsh_conn_resp_cb:930, resp_value = 0 for device_position 
04-28 10:47:23.798  1995  1995 I sensors-hal: send_sync_sensor_request:543, takes 1 ms to receive the response with 0
04-28 10:47:23.799  3072  5288 D CAE     : getFaultDetectionResult(TestFlatMotionRunner.java:139) - true
04-28 10:47:23.799  3072  5288 I CAE     : notifyCmdProcessResultObserver(ContextProvider.java:627) - CheckResult = 0, Cause = Success
04-28 10:47:23.801  3072  5288 D CAE     : doCommendProcess(ContextAwareService.java:396) - complete notify the operation result.
04-28 10:47:23.802  3072  5288 I CAE     : displayUsedCountForService(ContextAwareService.java:460) - totalCnt = 1, serviceCount = 1, subCollectionCount = 0
04-28 10:47:23.802  3072  5288 D CAE     : showListenerList(ContextAwareService.java:325) - ===== Context Aware Service List =====
04-28 10:47:23.802  3072  5288 I CAE     : showListenerList(ContextAwareService.java:334) - Listener : com.samsung.android.contextaware.manager.ContextAwareService$Listener@a4e0c9c, Service : SLOCATION_RUNNER(1)
04-28 10:47:23.802  3072  5288 I CAE     : showListenerList(ContextAwareService.java:334) - Listener : com.samsung.android.contextaware.manager.ContextAwareService$Listener@a4e0c9c, Service : CH_LOC_TRIGGER(1)
04-28 10:47:23.802  3072  5288 I CAE     : showListenerList(ContextAwareService.java:334) - Listener : com.samsung.android.contextaware.manager.ContextAwareService$Listener@a4e0c9c, Service : FREE_FALL_DETECTION(1)
04-28 10:47:23.802  3072  5288 I CAE     : showListenerList(ContextAwareService.java:334) - Listener : com.samsung.android.contextaware.manager.ContextAwareService$Listener@a4e0c9c, Service : TEST_FLAT_MOTION(1)
04-28 10:47:23.802  3072  5288 I CAE     : showListenerList(ContextAwareService.java:334) - Listener : com.samsung.android.contextaware.manager.ContextAwareService$Listener@a4e0c9c, Service : SENSOR_STATUS_CHECK_RUNNER(1)
04-28 10:47:23.802  3072  5288 I CAE     : showListenerList(ContextAwareService.java:334) - Listener : com.samsung.android.contextaware.manager.ContextAwareService$Listener@a4e0c9c, Service : PEDOMETER_CURRENT_INFO(1)
04-28 10:47:23.802  3072  5288 I CAE     : showListenerList(ContextAwareService.java:334) - Listener : com.samsung.android.contextaware.manager.ContextAwareService$Listener@a4e0c9c, Service : ACTIVITY_TRACKER_CURRENT_INFO(1)
04-28 10:47:23.803  3072  5288 I CAE     : showListenerList(ContextAwareService.java:334) - Listener : com.samsung.android.contextaware.manager.ContextAwareService$Listener@a4e0c9c, Service : ACTIVITY_TRACKER_INTERRUPT(1)
04-28 10:47:23.803  3072  5288 I CAE     : showListenerList(ContextAwareService.java:334) - Listener : com.samsung.android.contextaware.manager.ContextAwareService$Listener@a4e0c9c, Service : ACTIVITY_TRACKER_BATCH(1)
04-28 10:47:23.803  3072  5288 I CAE     : showListenerList(ContextAwareService.java:334) - Listener : com.samsung.android.contextaware.manager.ContextAwareService$Listener@a4e0c9c, Service : PEDOMETER(1)
04-28 10:47:23.803  3072  5288 W CAE     : registerCallback(ContextAwareService.java:209) - [regi 02] Mutex is unlocked for TEST_FLAT_MOTION
04-28 10:47:23.803  3072  5288 E SemContext.CaeProvider: setAttribute() : attribute is null!
04-28 10:47:23.803  3072  5288 D SemContextService: 	.registerCallback : 11, client= com.sec.android.sdhms
04-28 10:47:23.803  3072  5288 D SemContextService: unlock : registerCallback
04-28 10:47:23.804  3072  5288 E SensorService: BigData:Pakage) 5 already enabled. 
04-28 10:47:23.874  1995  1995 D SensorsFlicker: Als_common::setDelay, handle : 1 time : 10000000ns
04-28 10:47:23.876  1995  1995 D SensorsFlicker: Als_common::enable, handle : 1, mode : 1, en : 0
04-28 10:47:23.877  1995 31131 D SensorsFlicker: Als_common::sendCommand, send disable command
04-28 10:47:23.881  1983  6188 I vendor.qti.bluetooth@1.1-ibs_handler: ProcessIbsCmd: Received IBS_WAKE_IND: 0xFD
04-28 10:47:23.881  1983  6188 D vendor.qti.bluetooth@1.1-ibs_handler: SerialClockVote: vote for UART CLK ON
04-28 10:47:23.882  1983  6188 D vendor.qti.bluetooth@1.1-wake_lock: Acquire wakelock is acquired 
04-28 10:47:23.882  1983  6188 I vendor.qti.bluetooth@1.1-ibs_handler: ProcessIbsCmd: Writing IBS_WAKE_ACK
04-28 10:47:23.893  5059  6222 I ScanController: onScanResult to scannerId: 5- eventType=0x1b, addressType=0, address=XX:XX:XX:XX:B6:C3, primaryPhy=1, secondaryPhy=0, advertisingSid=0xff, txPower=127, rssi=-61, periodicAdvInt=0x0
04-28 10:47:23.897  5059  6222 I ScanController: onScanResult to scannerId: 5- eventType=0x1b, addressType=0, address=XX:XX:XX:XX:B6:C3, primaryPhy=1, secondaryPhy=0, advertisingSid=0xff, txPower=127, rssi=-61, periodicAdvInt=0x0
04-28 10:47:23.898 10420 10437 I [+0300]oneconnect[1.8.45.24_01][BEACON_MANAGER_CONTROL_SERVICE]: TvOcfParser.onReceive - TV Popup Onboarding is skipped - ($)
04-28 10:47:23.934  1983  6188 I vendor.qti.bluetooth@1.1-ibs_handler: ProcessIbsCmd: Received IBS_SLEEP_IND: 0xFE
04-28 10:47:23.934  1983  6188 D vendor.qti.bluetooth@1.1-ibs_handler: SerialClockVote: vote for UART CLK OFF
04-28 10:47:23.938  1995  1995 I sensors-hal: set_config:64, no need to adjust sample_period_ns due to reporting_mode = 2
04-28 10:47:23.938  1995  1995 I sensors-hal: batch:363, android.sensor.light/51, period=200000000, max_latency=0 request completed
04-28 10:47:23.940  3072  4287 E SensorService: BigData:Pakage) 5 already disabled. 
04-28 10:47:23.940  1995  1995 I sensors-hal: set_config:64, no need to adjust sample_period_ns due to reporting_mode = 2
04-28 10:47:23.940  1995  1995 I sensors-hal: send_sensor_config_request:645, dt=ambient_light: convert sample_period=250000000 to batch_period=250000
04-28 10:47:23.940  1995  1995 I sensors-hal: send_sync_sensor_request:508, send sync request
04-28 10:47:23.940  1995  1995 I sensors-hal: send_sync_sensor_request:518, send_sync_sensor_request before send_request for ambient_light with SUID low=3046173514946711665 high=5156882063447517846
04-28 10:47:23.940  1995  1995 I sensors-hal: send_sync_sensor_request:537, wait for notification of response
04-28 10:47:23.942  1995  4777 I sensors-hal: qsh_conn_resp_cb:930, resp_value = 0 for ambient_light 
04-28 10:47:23.942  1995  1995 I sensors-hal: send_sync_sensor_request:543, takes 2 ms to receive the response with 0
04-28 10:47:23.942  1995  1995 I sensors-hal: batch:363, android.sensor.light/51, period=250000000, max_latency=0 request completed
04-28 10:47:24.082  1995  4551 I sensors-hal: qsh_conn_event_cb:857, SCHED_FIFO(10) for qmi_cbk
04-28 10:47:24.082  1995  4551 I sensors-hal: qsh_conn_event_cb:890, event[0] sensor:device_position  Wakeup, msg_id=1025, ts=29894259864632
04-28 10:47:24.082  1995  4551 I sensors-hal: handle_sns_client_event:78, device_position_event: msgid:1025
04-28 10:47:24.082  1995  4551 I sensors-hal: handle_sns_client_event:97, device_position_event: 1
04-28 10:47:24.085  3072  4701 D SemWifiSwitchForIndividualAppsService: isSkipNetworkCondition - result:2
04-28 10:47:24.085  1983  5465 D vendor.qti.bluetooth@1.1-wake_lock: Release wakelock is released 
04-28 10:47:24.086  3072  4549 D CAE     : onGetSensorHubData(SensorHubParserProvider.java:92) - onGetSensorHubData Event [event buffer len :4], AP_WAKEUP
04-28 10:47:24.086  3072  4549 I CAE     : parse(SensorHubParserProvider.java:188) - buffer size = 4
04-28 10:47:24.087  3072  4549 I CAE     : parse(SensorHubParserProvider.java:199) - 1, 1, 23, 1,
04-28 10:47:24.087  3072  4549 D CAE     : display(ContextProvider.java:375) - ================= TEST_FLAT_MOTION =================
04-28 10:47:24.088  3072  4549 I CAE     : display(ContextProvider.java:391) - Action=[1]
04-28 10:47:24.088  3072  4546 D SemContextService: Service.updateContext() : service = Device Position
04-28 10:47:24.090  3072  4287 D SemContextService: lock : unregisterCallback
04-28 10:47:24.090  3072  4287 D SemContextService: Service.removeListenerLocked() : listener = com.samsung.android.hardware.context.SemContextService$Listener@dfb7949, service = Device Position, used = 0
04-28 10:47:24.091  3072  4287 W CAE     : unregisterCallback(ContextAwareService.java:230) - [unregi 01] Mutex is locked for TEST_FLAT_MOTION
04-28 10:47:24.091  3072  4287 W CAE     : getListener(ListenerListManager.java:127) - [getListener1]  com.samsung.android.contextaware.ContextAwareManager$CaListenerDelegate@7bb16a5
04-28 10:47:24.091  3072  4287 W CAE     : getListener(ListenerListManager.java:128) - [getListener2]  com.samsung.android.contextaware.manager.ContextAwareService$Listener@a4e0c9c
04-28 10:47:24.091  3072  4287 V CAE     : stop(ContextProvider.java:155)
04-28 10:47:24.092  3072  4287 V CAE     : clear(TestFlatMotionRunner.java:126)
04-28 10:47:24.092  3072  4287 V CAE     : disable(TestFlatMotionRunner.java:115)
04-28 10:47:24.092  3072  4553 D SensorService: setSContextDataLocked ints length 2 , byte length 4
04-28 10:47:24.092  3072  4553 D SensorService: setSContextDataLocked 17b2
04-28 10:47:24.093  1995  1995 I sensors-hal: inject_sensor_data:407, handle 1502 send inject
04-28 10:47:24.093  1995  1995 I sensors-hal: sendContextData:290, sensor hal 4, (0xb2, 0x17, 0x0, 0x0)
04-28 10:47:24.093  1995  1995 I sensors-hal: sendContextData:349, enable:178, handle:8, algo:26280192
04-28 10:47:24.093  1995  1995 I sensors-hal: sendContextData:108, device_position 4
04-28 10:47:24.093  1995  1995 I sensors-hal: send_sync_sensor_request:508, send sync request
04-28 10:47:24.093  1995  1995 I sensors-hal: send_sync_sensor_request:518, send_sync_sensor_request before send_request for device_position with SUID low=11077485164857655296 high=1320970896291267344
04-28 10:47:24.094  1995  1995 I sensors-hal: send_sync_sensor_request:537, wait for notification of response
04-28 10:47:24.094  1995  4551 I sensors-hal: qsh_conn_resp_cb:930, resp_value = 0 for device_position 
04-28 10:47:24.095  1995  1995 I sensors-hal: send_sync_sensor_request:543, takes 1 ms to receive the response with 0
04-28 10:47:24.096  3072  4287 D CAE     : getFaultDetectionResult(TestFlatMotionRunner.java:139) - true
04-28 10:47:24.096  3072  4287 I CAE     : notifyCmdProcessResultObserver(ContextProvider.java:627) - CheckResult = 0, Cause = Success
04-28 10:47:24.099  3072  4287 D CAE     : doCommendProcess(ContextAwareService.java:396) - complete notify the operation result.
04-28 10:47:24.099  3072  4287 I CAE     : displayUsedCountForService(ContextAwareService.java:460) - totalCnt = 0, serviceCount = 0, subCollectionCount = 0
04-28 10:47:24.099  3072  4287 D CAE     : showListenerList(ContextAwareService.java:325) - ===== Context Aware Service List =====
04-28 10:47:24.100  3072  4287 I CAE     : showListenerList(ContextAwareService.java:334) - Listener : com.samsung.android.contextaware.manager.ContextAwareService$Listener@a4e0c9c, Service : SLOCATION_RUNNER(1)
04-28 10:47:24.100  3072  4287 I CAE     : showListenerList(ContextAwareService.java:334) - Listener : com.samsung.android.contextaware.manager.ContextAwareService$Listener@a4e0c9c, Service : CH_LOC_TRIGGER(1)
04-28 10:47:24.100  3072  4287 I CAE     : showListenerList(ContextAwareService.java:334) - Listener : com.samsung.android.contextaware.manager.ContextAwareService$Listener@a4e0c9c, Service : FREE_FALL_DETECTION(1)
04-28 10:47:24.100  3072  4287 I CAE     : showListenerList(ContextAwareService.java:334) - Listener : com.samsung.android.contextaware.manager.ContextAwareService$Listener@a4e0c9c, Service : SENSOR_STATUS_CHECK_RUNNER(1)
04-28 10:47:24.100  3072  4287 I CAE     : showListenerList(ContextAwareService.java:334) - Listener : com.samsung.android.contextaware.manager.ContextAwareService$Listener@a4e0c9c, Service : PEDOMETER_CURRENT_INFO(1)
04-28 10:47:24.100  3072  4287 I CAE     : showListenerList(ContextAwareService.java:334) - Listener : com.samsung.android.contextaware.manager.ContextAwareService$Listener@a4e0c9c, Service : ACTIVITY_TRACKER_CURRENT_INFO(1)
04-28 10:47:24.100  3072  4287 I CAE     : showListenerList(ContextAwareService.java:334) - Listener : com.samsung.android.contextaware.manager.ContextAwareService$Listener@a4e0c9c, Service : ACTIVITY_TRACKER_INTERRUPT(1)
04-28 10:47:24.100  3072  4287 I CAE     : showListenerList(ContextAwareService.java:334) - Listener : com.samsung.android.contextaware.manager.ContextAwareService$Listener@a4e0c9c, Service : ACTIVITY_TRACKER_BATCH(1)
04-28 10:47:24.101  3072  4287 I CAE     : showListenerList(ContextAwareService.java:334) - Listener : com.samsung.android.contextaware.manager.ContextAwareService$Listener@a4e0c9c, Service : PEDOMETER(1)
04-28 10:47:24.101  3072  4287 W CAE     : unregisterCallback(ContextAwareService.java:251) - [unregi 02] Mutex is unlocked for TEST_FLAT_MOTION
04-28 10:47:24.101  3072  4287 D SemContextService: 	.unregisterCallback : 11, client= com.sec.android.sdhms
04-28 10:47:24.101  3072  4287 D SemContextService: unlock : unregisterCallback
04-28 10:47:24.267  3072  4287 D CustomizedBinderCallsStatsInternal: reportCpuUsage() : 1%
04-28 10:47:24.269  3072  3254 I BinderCallsStats: Collected cpu time : 0us, collected call count : 0 for 10139201 ms
04-28 10:47:24.270  3072  4287 D ProcessCpuUsage: [0] 808, {556=60200, 672=170210, 787=6520, 902=21680, 1017=2800, 1132=2580, 1248=1780, 1344=5820, 1459=2040, 1574=2610, 1689=2210, 1804=13660, 2265=8450}
04-28 10:47:24.270  3072  4287 D ProcessCpuUsage: [2] 829, {614=253280, 729=600, 844=1390, 960=600, 1075=460, 1190=17630, 1286=610, 1401=500, 1497=440, 1612=1910, 1708=430, 1824=500, 1920=390, 2035=340, 2131=940, 2246=210, 2323=4480, 2380=190, 2438=180, 2515=200, 2572=150, 2630=230, 2707=230, 2764=170, 2841=170, 2899=140, 2956=150, 3072=200, 3148=13690}
04-28 10:47:24.270  3072  4287 D ProcessCpuUsage: [5] 604, {499=263220, 614=5090, 729=4380, 844=3260, 960=2640, 1075=2250, 1190=10280, 1612=270, 2323=4690, 2956=3950}
04-28 10:47:24.270  3072  4287 D ProcessCpuUsage: [7] 802, {672=267050, 902=1040, 1248=19110, 2304=6150, 2630=1450, 3340=5180}
04-28 10:47:24.278  3072  4650 D BackgroundInstallControlService: Package event received: 0
04-28 10:47:24.279  3072  4650 D BackgroundInstallControlService: Package event received: 0
04-28 10:47:24.279  3072  4650 D BackgroundInstallControlService: Package event received: 0
04-28 10:47:24.279  3072  4650 D BackgroundInstallControlService: Package event received: 0
04-28 10:47:24.280  3072  4650 D BackgroundInstallControlService: Package event received: 0
04-28 10:47:24.280  3072  4650 D BackgroundInstallControlService: Package event received: 0
04-28 10:47:24.280  3072  4650 D BackgroundInstallControlService: Package event received: 0
04-28 10:47:24.281  3072  4650 D BackgroundInstallControlService: Package event received: 0
04-28 10:47:24.281  3072  4650 D BackgroundInstallControlService: Package event received: 0
04-28 10:47:24.281  3072  4650 D BackgroundInstallControlService: Package event received: 0
04-28 10:47:24.281  3072  4650 D BackgroundInstallControlService: Package event received: 0
