04-28 10:47:11.244  3072  3297 D MARsDBManager: updatePkgsToSMDB : end
04-28 10:47:11.251  3072  6600 D SemWifiUsabilityStatsMonitor: onWifiUsabilityStats - seqNum 140040, isSameBssidAndFreq true
04-28 10:47:11.252  5338  5338 I EPDG -- SIM0 [SMARTWIFI]: isProfiling, hash=172521687, started=true
04-28 10:47:11.253  3072  4675 D InsDataManager: onOutageCountUpdate() - Outage Data: 0, LQ : N. Outage Triggered: false
04-28 10:47:11.253  3072  4675 D SemInsManager: {"bssid": "6056a9715180","rssi": -63.0,"latency": 0.0,"outage_count": 0,"lq_callback_triggered": false,"outage_log": "Unreliable statistics: -63.0 / 12 / 583 / 7 / 1 || 6056a9715180: 0.000 / 0.000 / @ || N N / 0 0 / N 2.0 / N X 5 / 864102677 0 || 2026-04-28 10:47:10  / 0: 0 0 0 0 0 0 / 0: 0 0 0 0 0 0 / 0: 0 0 0 0 0 0""Magnetic Sensor Events size": "0""Pressure Sensor Events size": "0"}
04-28 10:47:11.254  5338  5338 I EPDG -- SIM0 [SMARTWIFI]: isProfiling, hash=172521687, started=true
04-28 10:47:11.255  5338  5338 I EPDG -- SIM0 [SMARTWIFI]: Rssi : -63 highrange : -75 lowrange : -85 mIsRssiInHystersis : false
04-28 10:47:11.255  5338  5338 I EPDG -- SIM0 [SMARTWIFI]: Rssi : -63 highrange : -75 lowrange : -85 mIsRssiInHystersis : false
04-28 10:47:11.255  5338  5338 I EPDG -- SIM0 [SMARTWIFI]: getHandoverThresholdMet: value is: false
04-28 10:47:11.277  3072  4692 D SGM:GameManager: identifyGamePackage. com.petpal.app, mCurrentUserId: 0, callingMethodInfo: com.samsung.android.game.SemGameManager.isGamePackage(SemGameManager.java:106)
04-28 10:47:11.277  3072  4692 D SGM:SemGameManager: isGamePackage(), pkgName=com.petpal.app, ret=false
04-28 10:47:11.299  2096  2148 E HeatmapThread: ECT Thread time in milliseconds: 1777362431
04-28 10:47:11.302  2096  2148 D HeatmapThread: !@ batteryplugType : 2
04-28 10:47:11.303  2096  2148 D HeatmapThread: !@ batteryLevel : 86  batteryTemperature : 378 
04-28 10:47:11.303  2096  2148 D HeatmapThread: !@ Heatmap currtime: 29622707
04-28 10:47:11.303  2096  2148 D HeatmapThread: !@ Heatmap prevtime: 29622680
04-28 10:47:11.303  2096  2148 D HeatmapThread: !@ Heatmap plugstarttime: 29622695
04-28 10:47:11.303  2096  2148 D HeatmapThread: !@ Heatmap prevv_dsoh_update_time: 29622508
04-28 10:47:11.303  2096  2148 E HeatmapThread: !@ CAM New BSOH: 100
04-28 10:47:11.518  1211  1211 D io_stats: !@   8,0 r 211121106 4226812904 w 53126439 1021850068 d 6838436 995008016 f 1576423 3506185 iot 33811724 0 th 0 0 0 pt 0 inp 0 0 864102.944
04-28 10:47:11.616  1995 20473 I sensors-hal: handle_sns_client_event:375, [0][143281] accel_sample [ 0.206,  0.462,  9.918] 1556974875547561
04-28 10:47:11.776  1995 26313 I sensors-hal: handle_sns_std_sensor_event:409, [SSC_LIGHT] P: 80(80),c:1,b:173,m:13,cl:0,l:78,s:79,l0:16480,l1:1056,s0:15500,s1:0,acl:1,opr:0.32,f(r):70,u(bl):71,if:0,wi:3,si:0,po:195(N:0)
04-28 10:47:11.794  3072  4709 D WifiConnectivityMonitor.NetworkStatsAnalyzer: Backhaul result - RSSI:-63, CE:19, PE:22, TI:23, PTI:26, TW:0, PTW:0, Tx:18, Rx:19, TxS:11, RxS:12, RESULT:true, IC:0, ICT:5, WC:0, WCT:5, R:0, RC:0, IE:0, EC:0
04-28 10:47:11.878  3072  4701 D SemWifiSwitchForIndividualAppsService: isSkipNetworkCondition - result:2
04-28 10:47:12.299  2096  2148 E HeatmapThread: ECT Thread time in milliseconds: 1777362432
04-28 10:47:12.303  2096  2148 D HeatmapThread: !@ batteryplugType : 2
04-28 10:47:12.303  2096  2148 D HeatmapThread: !@ batteryLevel : 86  batteryTemperature : 378 
04-28 10:47:12.303  2096  2148 D HeatmapThread: !@ Heatmap currtime: 29622707
04-28 10:47:12.303  2096  2148 D HeatmapThread: !@ Heatmap prevtime: 29622680
04-28 10:47:12.303  2096  2148 D HeatmapThread: !@ Heatmap plugstarttime: 29622695
04-28 10:47:12.303  2096  2148 D HeatmapThread: !@ Heatmap prevv_dsoh_update_time: 29622508
04-28 10:47:12.304  2096  2148 E HeatmapThread: !@ CAM New BSOH: 100
04-28 10:47:12.375  1991  2009 I GnssAidl: ===> injectLocation line 289 
04-28 10:47:12.376  3072  5288 D ActivityManager: Received BROADCAST intent 0x8109dad Key{broadcastIntent pkg=com.samsung.android.mcfds intent=act=com.samsung.android.ce.sensor.location.PASSIVE_INTENT xflg=0x4 pkg=com.samsung.android.mcfds flags=0x2000000 u=0} requestCode=20247613 sent=0 from uid 1000
04-28 10:47:12.376  1991  2030 I LocSvc_api_v02: ---> locClientSendReq line 2462 QMI_LOC_INJECT_POSITION_REQ_V02
04-28 10:47:12.378  3072  5011 D SLocation: PositionManager - Passive handleLocationChanged [N, A : 100.00, T : 1777362432362, ET : 1556975724, h : 19/14]
04-28 10:47:12.379  3072  5011 W SLocation: GeopointGeofenceManger - refresh wifi to receive loc
04-28 10:47:12.379  3072  5011 D SLocation: GeopointGeofenceManger - Location reported : fix method = 4 / 100.0
04-28 10:47:12.379  3072  5011 D SLocation: LocationBuffer - receivedLocation - op[interval(min 60000, max 300000), waitTime 36000000, numOfUpdates 20, minDistance 200.0]dist : 2.289491 diffTime : 20002 filtered Location
04-28 10:47:12.379  1991  7873 I LocSvc_ApiV02: <--- globalRespCb line 355 QMI_LOC_INJECT_POSITION_REQ_V02
04-28 10:47:12.379  3072  5011 D SLocation: BatchManager - received batch location buffered = false
04-28 10:47:12.379  3072  5011 D SLocation: LastLocations - update latest location [N, A : 100.00, T : 1777362432362, ET : 1556975724, h : 19/14]
04-28 10:47:12.380  3072  3255 I ActivityManager: Changes in 10347 10 to 10, 0 to 128
04-28 10:47:12.380  3072  5011 D SLocation: ARDistanceLibManager - request distance diff to AR Distance Library
04-28 10:47:12.380  3072  5011 D SLocation: SLocationCoreSem - send to coreSem, packet length : 1 / [34]
04-28 10:47:12.380  3072  5011 D SemContextLocationCoreAttribute: setAttribute() mode : 0 action : 23
04-28 10:47:12.380  3072  5011 D SemContextService: lock : changeParameters
04-28 10:47:12.380  3072  5011 D SemContext.CaeProvider.LocationCoreImpl: setAttribute() mode : 0 action : 23
04-28 10:47:12.381  3072  5011 W CAE     : setCAProperty(ContextAwareService.java:509) - [setProperty 01] Mutex is locked for SLOCATION_RUNNER
04-28 10:47:12.381  3072  5011 I CAE     : setPropertyValue(SLocationRunner.java:116) - SLocationRunner setProperty header : 34, len : 1
04-28 10:47:12.381  3072  4553 D SensorService: setSContextDataLocked ints length 2 , byte length 4
04-28 10:47:12.382  3072  4553 D SensorService: setSContextDataLocked 223717c1
04-28 10:47:12.383  6705  7012 I ehlg    : (REDACTED) appOpsListener %s %s
04-28 10:47:12.383  1995  1995 I sensors-hal: inject_sensor_data:407, handle 1502 send inject
04-28 10:47:12.383  1995  1995 I sensors-hal: sendContextData:290, sensor hal 4, (0xc1, 0x17, 0x37, 0x22)
04-28 10:47:12.383  1995  1995 E sensors-hal: sendContextData:133, slocationcore h 193 m 23 s 55
04-28 10:47:12.383  1995  1995 I sensors-hal: sendUserData:119, slocationcore sendUserData
04-28 10:47:12.383  1995  1995 E sensors-hal: create_send_context_data:64, slocationcore create_send_context_data
04-28 10:47:12.383  1995  1995 I sensors-hal: send_context_data:694, slocationcore, 4986366670857974562, 1320970896291267344, msgid:700
04-28 10:47:12.383  3072  5011 W CAE     : setCAProperty(ContextAwareService.java:515) - [setProperty 02] Mutex is unlocked for SLOCATION_RUNNER
04-28 10:47:12.383  6705  7012 I ehlg    : (REDACTED) Ignoring irrelevant audio permission changes for package %s
04-28 10:47:12.383  3072  5011 D SemContextService: unlock : changeParameters
04-28 10:47:12.384  3072  5011 D SemContextManager:   .changeParameters : listener = Z.i@6bce72b, service=SLocation Core
04-28 10:47:12.384  3072  5011 D SLocation: SLocationCoreSem - send to coreSem, packet length : 23 / [2, 27, 63, 50, 232, 12, 169, 196, 224, 0, 0, 0, 100, 2, 0, 0, 1, 157, 211, 14, 113, 106, 0]
04-28 10:47:12.384  3072  5011 D SemContextLocationCoreAttribute: setAttribute() mode : 0 action : 23
04-28 10:47:12.384  3072  5011 D SemContextService: lock : changeParameters
04-28 10:47:12.384  3072  5011 D SemContext.CaeProvider.LocationCoreImpl: setAttribute() mode : 0 action : 23
04-28 10:47:12.384  3072  5011 W CAE     : setCAProperty(ContextAwareService.java:509) - [setProperty 01] Mutex is locked for SLOCATION_RUNNER
04-28 10:47:12.384  3072  5011 I CAE     : setPropertyValue(SLocationRunner.java:116) - SLocationRunner setProperty header : 2, len : 23
04-28 10:47:12.384  1995  4551 I sensors-hal: qsh_conn_resp_cb:930, resp_value = 0 for slocationcore 
04-28 10:47:12.385  1995  4551 I sensors-hal: qsh_conn_event_cb:890, event[0] sensor:slocationcore  Wakeup, msg_id=1025, ts=29894035265191
04-28 10:47:12.385  1995  4551 E sensors-hal: handle_sns_client_event:78, slocationcore_event: msgid:1025
04-28 10:47:12.385  3072  4553 D SensorService: setSContextDataLocked ints length 8 , byte length 26
04-28 10:47:12.385  3072  4553 D SensorService: setSContextDataLocked 23717c1
04-28 10:47:12.385  1995  1995 I sensors-hal: inject_sensor_data:407, handle 1502 send inject
04-28 10:47:12.385  1995  1995 I sensors-hal: sendContextData:290, sensor hal 26, (0xc1, 0x17, 0x37, 0x2)
04-28 10:47:12.385  1995  1995 E sensors-hal: sendContextData:133, slocationcore h 193 m 23 s 55
04-28 10:47:12.385  1995  1995 I sensors-hal: sendUserData:119, slocationcore sendUserData
04-28 10:47:12.385  1995  1995 E sensors-hal: create_send_context_data:64, slocationcore create_send_context_data
04-28 10:47:12.385  1995  1995 I sensors-hal: send_context_data:694, slocationcore, 4986366670857974562, 1320970896291267344, msgid:700
04-28 10:47:12.385  3072  5011 W CAE     : setCAProperty(ContextAwareService.java:515) - [setProperty 02] Mutex is unlocked for SLOCATION_RUNNER
04-28 10:47:12.385  3072  5011 D SemContextService: unlock : changeParameters
04-28 10:47:12.385  3072  5011 D SemContextManager:   .changeParameters : listener = Z.i@6bce72b, service=SLocation Core
04-28 10:47:12.385  5630  5742 I RequestManager_FLP: onOpChanged, op=0 / packageName=com.sec.android.app.shealth
04-28 10:47:12.386  7885  7901 I [CE]_ContextEngineReceiver: onReceive - action: com.samsung.android.ce.sensor.location.PASSIVE_INTENT
04-28 10:47:12.386  3072  5011 D SLocation: ReceiverPair - ignore direction of location due to wifi, id = 71, reason = 400
04-28 10:47:12.387  7885  7901 I [CE]_SLocationManager: onReceive - [Passive Location] 20247613
04-28 10:47:12.387  1995  4551 I sensors-hal: qsh_conn_event_cb:890, event[0] sensor:slocationcore  Wakeup, msg_id=1025, ts=29894035265511
04-28 10:47:12.387  1995  4551 E sensors-hal: handle_sns_client_event:78, slocationcore_event: msgid:1025
04-28 10:47:12.387  1995  4551 I sensors-hal: qsh_conn_event_cb:890, event[0] sensor:slocationcore  Wakeup, msg_id=1025, ts=29894035265751
04-28 10:47:12.387  1995  4551 E sensors-hal: handle_sns_client_event:78, slocationcore_event: msgid:1025
04-28 10:47:12.387  1995  4551 I sensors-hal: qsh_conn_event_cb:890, event[0] sensor:slocationcore  Wakeup, msg_id=1025, ts=29894035266081
04-28 10:47:12.387  1995  4551 E sensors-hal: handle_sns_client_event:78, slocationcore_event: msgid:1025
04-28 10:47:12.387  3072  5011 D SLocation: ReceiverPair - ignore direction of location due to wifi, id = 543, reason = 400
04-28 10:47:12.387  1995  4551 I sensors-hal: qsh_conn_resp_cb:930, resp_value = 0 for slocationcore 
04-28 10:47:12.387  1995  4551 I sensors-hal: qsh_conn_event_cb:890, event[0] sensor:slocationcore  Wakeup, msg_id=1025, ts=29894035307458
04-28 10:47:12.387  1995  4551 E sensors-hal: handle_sns_client_event:78, slocationcore_event: msgid:1025
04-28 10:47:12.388  3072  5011 D SLocation: ReceiverPairWithAdaptive - id : 396, dir : 2
04-28 10:47:12.389  3072  5011 D SLocation: GeopointLastLocation - last location still available 27 / 9223372036854775807
04-28 10:47:12.389  3072  5011 D SLocation: GeopointGeofenceObserver - location : [N, A : 100.00, T : 1777362432362, ET : 1556975724, h : 19/14], radius : 4096
04-28 10:47:12.389  3072  5011 D SLocation: LocationProviderStatus - try to update provider status (GPS/NLP)
04-28 10:47:12.389  3072  5011 D SLocation: LocationProviderStatus - set isGpsOn : true, isNlpOn : true
04-28 10:47:12.389  3072  5011 D SLocation: LocationProviderStatus - gps & nlp status not changed
04-28 10:47:12.389  3072  5011 D SLocation: GeofenceCoreManager - geofence core command pending size : 2
04-28 10:47:12.389  3072  5011 D SLocation: GeofenceCoreRecovery - removeGeofenceInfo id = 15000
04-28 10:47:12.389  3072  5011 D SLocation: SLocationCoreSem - send to coreSem, packet length : 3 / [17, 58, 152]
04-28 10:47:12.389  3072  5011 D SemContextLocationCoreAttribute: setAttribute() mode : 0 action : 23
04-28 10:47:12.389  3072  5011 D SemContextService: lock : changeParameters
04-28 10:47:12.389  3072  5011 D SemContext.CaeProvider.LocationCoreImpl: setAttribute() mode : 0 action : 23
04-28 10:47:12.389  3072  5011 W CAE     : setCAProperty(ContextAwareService.java:509) - [setProperty 01] Mutex is locked for SLOCATION_RUNNER
04-28 10:47:12.389  3072  4549 D CAE     : onGetSensorHubData(SensorHubParserProvider.java:92) - onGetSensorHubData Event [event buffer len :56], AP_WAKEUP
04-28 10:47:12.389  3072  5011 I CAE     : setPropertyValue(SLocationRunner.java:116) - SLocationRunner setProperty header : 17, len : 3
04-28 10:47:12.389  3072  4549 I CAE     : parse(SensorHubParserProvider.java:188) - buffer size = 56
04-28 10:47:12.389  3072  4549 I CAE     : parse(SensorHubParserProvider.java:199) - 1, 1, 55, 0, 51, 5, 1, 16, 0, 0, 0, 0, 1, -85, 105, -8, 7, 2, 0, 0, 0, 0, 1, -85, 105, -8, 15, 5, 0, 0, 0, -56, 1, -85, 105, -8, 5, 1, 0, 0, 0, 100, 1, -85, 109, -32, 15, 5, 0, 0, 0, -56, 1, -85, 109, -32,
04-28 10:47:12.390  3072  4553 D SensorService: setSContextDataLocked ints length 3 , byte length 6
04-28 10:47:12.390  3072  4549 I CAE     : parse(SLocationRunner.java:88) - SLocationRunner parse start : 3
04-28 10:47:12.390  3072  4553 D SensorService: setSContextDataLocked 113717c1
04-28 10:47:12.390  3072  4549 D CAE     : display(ContextProvider.java:375) - ================= SLOCATION_RUNNER =================
04-28 10:47:12.390  1995  1995 I sensors-hal: inject_sensor_data:407, handle 1502 send inject
04-28 10:47:12.390  3072  4549 I CAE     : display(ContextProvider.java:391) - ExtraDataArray=[1, 1, 55, 0, 51, 5, 1, 16, 0, 0, 0, 0, 1, -85, 105, -8, 7, 2, 0, 0, 0, 0, 1, -85, 105, -8, 15, 5, 0, 0, 0, -56, 1, -85, 105, -8, 5, 1, 0, 0, 0, 100, 1, -85, 109, -32, 15, 5, 0, 0, 0, -56, 1, -85, 109, -32]
04-28 10:47:12.390  1995  1995 I sensors-hal: sendContextData:290, sensor hal 6, (0xc1, 0x17, 0x37, 0x11)
04-28 10:47:12.390  1995  1995 E sensors-hal: sendContextData:133, slocationcore h 193 m 23 s 55
04-28 10:47:12.390  1995  1995 I sensors-hal: sendUserData:119, slocationcore sendUserData
04-28 10:47:12.390  1995  1995 E sensors-hal: create_send_context_data:64, slocationcore create_send_context_data
04-28 10:47:12.390  1995  1995 I sensors-hal: send_context_data:694, slocationcore, 4986366670857974562, 1320970896291267344, msgid:700
04-28 10:47:12.390  3072  4549 I CAE     : parse(SLocationRunner.java:96) - SLocationRunner parse end:56
04-28 10:47:12.390  3072  4549 D CAE     : onGetSensorHubData(SensorHubParserProvider.java:92) - onGetSensorHubData Event [event buffer len :16], AP_WAKEUP
04-28 10:47:12.390  3072  4549 I CAE     : parse(SensorHubParserProvider.java:188) - buffer size = 16
04-28 10:47:12.390  3072  4549 I CAE     : parse(SensorHubParserProvider.java:199) - 1, 1, 55, 0, 11, 5, 7, 2, 0, 0, 0, 11, 1, -85, -108, -16,
04-28 10:47:12.390  3072  4549 I CAE     : parse(SLocationRunner.java:88) - SLocationRunner parse start : 3
04-28 10:47:12.391  3072  4549 D CAE     : display(ContextProvider.java:375) - ================= SLOCATION_RUNNER =================
04-28 10:47:12.391  3072  4549 I CAE     : display(ContextProvider.java:391) - ExtraDataArray=[1, 1, 55, 0, 11, 5, 7, 2, 0, 0, 0, 11, 1, -85, -108, -16]
04-28 10:47:12.391  3072  4546 D SemContextService: Service.updateContext() : service = SLocation Core
04-28 10:47:12.391  3072  5011 W CAE     : setCAProperty(ContextAwareService.java:515) - [setProperty 02] Mutex is unlocked for SLOCATION_RUNNER
04-28 10:47:12.391  3072  5011 D SemContextService: unlock : changeParameters
04-28 10:47:12.391  3072  3072 D SemContextManager: onSemContextChanged() : event = SLocation Core
04-28 10:47:12.391  3072  4546 D SemContextService: Service.updateContext() : service = SLocation Core
04-28 10:47:12.391  3072  5011 D SemContextManager:   .changeParameters : listener = Z.i@6bce72b, service=SLocation Core
04-28 10:47:12.391  3072  4549 I CAE     : parse(SLocationRunner.java:96) - SLocationRunner parse end:16
04-28 10:47:12.391  3072  5011 D SLocation: GeofenceCoreManager - geofence core command pending size : 1
04-28 10:47:12.391  3072  3072 D SLocation: SensorHubWrapper - SemContextChanged type = 47, packet received
04-28 10:47:12.391  3072  5011 D SLocation: GeofenceCoreRecovery - storeGeofenceInfo 1 id = 15000, radius = 4096
04-28 10:47:12.391  3072  4549 D CAE     : onGetSensorHubData(SensorHubParserProvider.java:92) - onGetSensorHubData Event [event buffer len :38], AP_WAKEUP
04-28 10:47:12.391  1995  4551 I sensors-hal: qsh_conn_resp_cb:930, resp_value = 0 for slocationcore 
04-28 10:47:12.391  3072  5011 D SLocation: SLocationCoreSem - send to coreSem, packet length : 16 / [16, 58, 152, 27, 63, 50, 232, 12, 169, 196, 224, 0, 0, 16, 0, 1]
04-28 10:47:12.391  1995  4551 I sensors-hal: qsh_conn_event_cb:890, event[0] sensor:slocationcore  Wakeup, msg_id=1025, ts=29894035404037
04-28 10:47:12.391  1995  4551 E sensors-hal: handle_sns_client_event:78, slocationcore_event: msgid:1025
04-28 10:47:12.391  3072  3072 D SemContextManager: onSemContextChanged() : event = SLocation Core
04-28 10:47:12.391  3072  4549 I CAE     : parse(SensorHubParserProvider.java:188) - buffer size = 38
04-28 10:47:12.391  3072  5011 D SemContextLocationCoreAttribute: setAttribute() mode : 0 action : 23
04-28 10:47:12.392  3072  3072 D SLocation: SensorHubWrapper - SemContextChanged type = 47, packet received
04-28 10:47:12.392  3072  5011 D SemContextService: lock : changeParameters
04-28 10:47:12.392  3072  4549 I CAE     : parse(SensorHubParserProvider.java:199) - 1, 1, 55, 0, 33, 33, 0, 0, 0, 0, 0, 0, 1, -99, -46, -1, -94, -16, 27, 63, 50, 64, 12, -87, -58, 80, 0, 0, 0, 9, 1, -85, 105, -8, 0, 0, 0, 0,
04-28 10:47:12.392  3072  5011 D SemContext.CaeProvider.LocationCoreImpl: setAttribute() mode : 0 action : 23
04-28 10:47:12.392  3072  4549 I CAE     : parse(SLocationRunner.java:88) - SLocationRunner parse start : 3
04-28 10:47:12.392  3072  5011 W CAE     : setCAProperty(ContextAwareService.java:509) - [setProperty 01] Mutex is locked for SLOCATION_RUNNER
04-28 10:47:12.392  3072  4549 D CAE     : display(ContextProvider.java:375) - ================= SLOCATION_RUNNER =================
04-28 10:47:12.392  3072  5011 I CAE     : setPropertyValue(SLocationRunner.java:116) - SLocationRunner setProperty header : 16, len : 16
04-28 10:47:12.392  3072  4549 I CAE     : display(ContextProvider.java:391) - ExtraDataArray=[1, 1, 55, 0, 33, 33, 0, 0, 0, 0, 0, 0, 1, -99, -46, -1, -94, -16, 27, 63, 50, 64, 12, -87, -58, 80, 0, 0, 0, 9, 1, -85, 105, -8, 0, 0, 0, 0]
04-28 10:47:12.392  3072  4553 D SensorService: setSContextDataLocked ints length 6 , byte length 19
04-28 10:47:12.392  3072  4549 I CAE     : parse(SLocationRunner.java:96) - SLocationRunner parse end:38
04-28 10:47:12.392  3072  4553 D SensorService: setSContextDataLocked 103717c1
04-28 10:47:12.392  3072  4549 D CAE     : onGetSensorHubData(SensorHubParserProvider.java:92) - onGetSensorHubData Event [event buffer len :10], AP_WAKEUP
04-28 10:47:12.393  1995  1995 I sensors-hal: inject_sensor_data:407, handle 1502 send inject
04-28 10:47:12.393  1995  1995 I sensors-hal: sendContextData:290, sensor hal 19, (0xc1, 0x17, 0x37, 0x10)
04-28 10:47:12.393  1995  1995 E sensors-hal: sendContextData:133, slocationcore h 193 m 23 s 55
04-28 10:47:12.393  1995  1995 I sensors-hal: sendUserData:119, slocationcore sendUserData
04-28 10:47:12.393  1995  1995 E sensors-hal: create_send_context_data:64, slocationcore create_send_context_data
04-28 10:47:12.393  1995  1995 I sensors-hal: send_context_data:694, slocationcore, 4986366670857974562, 1320970896291267344, msgid:700
04-28 10:47:12.393  3072  4549 I CAE     : parse(SensorHubParserProvider.java:188) - buffer size = 10
04-28 10:47:12.393  3072  4546 D SemContextService: Service.updateContext() : service = SLocation Core
04-28 10:47:12.393  3072  4549 I CAE     : parse(SensorHubParserProvider.java:199) - 1, 1, 55, 0, 5, 2, 34, 0, 0, 0,
04-28 10:47:12.393  3072  3072 D SemContextManager: onSemContextChanged() : event = SLocation Core
04-28 10:47:12.393  3072  3072 D SLocation: SensorHubWrapper - SemContextChanged type = 47, packet received
04-28 10:47:12.393  3072  4549 I CAE     : parse(SLocationRunner.java:88) - SLocationRunner parse start : 3
04-28 10:47:12.393  3072  5011 W CAE     : setCAProperty(ContextAwareService.java:515) - [setProperty 02] Mutex is unlocked for SLOCATION_RUNNER
04-28 10:47:12.393  1995  4551 I sensors-hal: qsh_conn_resp_cb:930, resp_value = 0 for slocationcore 
04-28 10:47:12.393  3072  5011 D SemContextService: unlock : changeParameters
04-28 10:47:12.393  3072  5011 D SemContextManager:   .changeParameters : listener = Z.i@6bce72b, service=SLocation Core
04-28 10:47:12.393  1995  4551 I sensors-hal: qsh_conn_event_cb:890, event[0] sensor:slocationcore  Wakeup, msg_id=1025, ts=29894035438381
04-28 10:47:12.393  3072  4549 D CAE     : display(ContextProvider.java:375) - ================= SLOCATION_RUNNER =================
04-28 10:47:12.393  1995  4551 E sensors-hal: handle_sns_client_event:78, slocationcore_event: msgid:1025
04-28 10:47:12.393  3072  4549 I CAE     : display(ContextProvider.java:391) - ExtraDataArray=[1, 1, 55, 0, 5, 2, 34, 0, 0, 0]
04-28 10:47:12.393  3072  5011 D SLocation: GeofenceCoreManager - received Extra Data from core, len : 51
04-28 10:47:12.394  3072  4549 I CAE     : parse(SLocationRunner.java:96) - SLocationRunner parse end:10
04-28 10:47:12.394  3072  5011 D SLocation: CommonCoreManager - received Extra Data from core, len : 51
04-28 10:47:12.394  3072  4549 D CAE     : onGetSensorHubData(SensorHubParserProvider.java:92) - onGetSensorHubData Event [event buffer len :10], AP_WAKEUP
04-28 10:47:12.394  3072  4549 I CAE     : parse(SensorHubParserProvider.java:188) - buffer size = 10
04-28 10:47:12.394  3072  4549 I CAE     : parse(SensorHubParserProvider.java:199) - 1, 1, 55, 0, 5, 2, 2, 0, 0, 0,
04-28 10:47:12.394  3072  4549 I CAE     : parse(SLocationRunner.java:88) - SLocationRunner parse start : 3
04-28 10:47:12.394  3072  4549 D CAE     : display(ContextProvider.java:375) - ================= SLOCATION_RUNNER =================
04-28 10:47:12.394  3072  5011 D SLocation: GeofenceCoreManager - received Extra Data from core, len : 11
04-28 10:47:12.394  3072  5011 D SLocation: CommonCoreManager - received Extra Data from core, len : 11
04-28 10:47:12.394  3072  4549 I CAE     : display(ContextProvider.java:391) - ExtraDataArray=[1, 1, 55, 0, 5, 2, 2, 0, 0, 0]
04-28 10:47:12.394  3072  5011 D SLocation: ARDistanceGetARDistance - convertSensorHubTimeToElapsedTime 1556005363
04-28 10:47:12.394  3072  4549 I CAE     : parse(SLocationRunner.java:96) - SLocationRunner parse end:10
04-28 10:47:12.394  3072  5011 D SLocation: GeofenceCoreManager - received Extra Data from core, len : 33
04-28 10:47:12.394  3072  5011 D SLocation: CommonCoreManager - received Extra Data from core, len : 33
04-28 10:47:12.394  3072  5011 W Settings: Setting airplane_mode_on has moved from android.provider.Settings.System to android.provider.Settings.Global, returning read-only value.
04-28 10:47:12.394  3072  4549 D CAE     : onGetSensorHubData(SensorHubParserProvider.java:92) - onGetSensorHubData Event [event buffer len :10], AP_WAKEUP
04-28 10:47:12.394  3072  5011 W Settings: Setting airplane_mode_on has moved from android.provider.Settings.System to android.provider.Settings.Global, returning read-only value.
04-28 10:47:12.395  3072  4546 D SemContextService: Service.updateContext() : service = SLocation Core
04-28 10:47:12.395  3072  5011 D SLocation: FilteredLastLocation - notify all last locations, loc : 3
04-28 10:47:12.395  3072  4546 D SemContextService: Service.updateContext() : service = SLocation Core
04-28 10:47:12.395  3072  4549 I CAE     : parse(SensorHubParserProvider.java:188) - buffer size = 10
04-28 10:47:12.395  3072  3072 D SemContextManager: onSemContextChanged() : event = SLocation Core
04-28 10:47:12.395  3072  3072 D SLocation: SensorHubWrapper - SemContextChanged type = 47, packet received
04-28 10:47:12.395  3072  4549 I CAE     : parse(SensorHubParserProvider.java:199) - 1, 1, 55, 0, 5, 2, 17, 0, 58, -104,
04-28 10:47:12.395  3072  3072 D SemContextManager: onSemContextChanged() : event = SLocation Core
04-28 10:47:12.395  3072  5011 D SLocation: ARDistanceLibManager - command callback received - CURRENT_LOCATION_REQUEST_DISTANCE ERROR CODE : ERROR_NONE
04-28 10:47:12.395  3072  3072 D SLocation: SensorHubWrapper - SemContextChanged type = 47, packet received
04-28 10:47:12.395  3072  4549 I CAE     : parse(SLocationRunner.java:88) - SLocationRunner parse start : 3
04-28 10:47:12.395  3072  5011 D SLocation: GeofenceCoreManager - received Extra Data from core, len : 5
04-28 10:47:12.395  3072  5011 D SLocation: GeofenceCoreManager - handleCommandCallback - UNKNOWN_CALLBACK 34 SUCCESS
04-28 10:47:12.395  3072  4549 D CAE     : display(ContextProvider.java:375) - ================= SLOCATION_RUNNER =================
04-28 10:47:12.395  3072  5011 D SLocation: CommonCoreManager - received Extra Data from core, len : 5
04-28 10:47:12.395  3072  4549 I CAE     : display(ContextProvider.java:391) - ExtraDataArray=[1, 1, 55, 0, 5, 2, 17, 0, 58, -104]
04-28 10:47:12.395  3072  5011 D SLocation: GeofenceCoreManager - received Extra Data from core, len : 5
04-28 10:47:12.395  3072  5011 D SLocation: GeofenceCoreManager - handleCommandCallback - UNKNOWN_CALLBACK 2 SUCCESS
04-28 10:47:12.396  3072  5011 D SLocation: CommonCoreManager - received Extra Data from core, len : 5
04-28 10:47:12.396  3072  5011 D SLocation: CommonCoreManager - handleCommandCallback - FUNC_TYPE : SET_LOCATION  ERROR_CODE : ERROR_NONE
04-28 10:47:12.396  3072  4549 I CAE     : parse(SLocationRunner.java:96) - SLocationRunner parse end:10
04-28 10:47:12.396  3072  4549 D CAE     : onGetSensorHubData(SensorHubParserProvider.java:92) - onGetSensorHubData Event [event buffer len :10], AP_WAKEUP
04-28 10:47:12.396  3072  4549 I CAE     : parse(SensorHubParserProvider.java:188) - buffer size = 10
04-28 10:47:12.396  3072  4549 I CAE     : parse(SensorHubParserProvider.java:199) - 1, 1, 55, 0, 5, 2, 16, 0, 58, -104,
04-28 10:47:12.396  3072  4549 I CAE     : parse(SLocationRunner.java:88) - SLocationRunner parse start : 3
04-28 10:47:12.396  3072  4546 D SemContextService: Service.updateContext() : service = SLocation Core
04-28 10:47:12.396  3072  4549 D CAE     : display(ContextProvider.java:375) - ================= SLOCATION_RUNNER =================
04-28 10:47:12.396  3072  4549 I CAE     : display(ContextProvider.java:391) - ExtraDataArray=[1, 1, 55, 0, 5, 2, 16, 0, 58, -104]
04-28 10:47:12.396  3072  4549 I CAE     : parse(SLocationRunner.java:96) - SLocationRunner parse end:10
04-28 10:47:12.397  3072  3072 D SemContextManager: onSemContextChanged() : event = SLocation Core
04-28 10:47:12.397  3072  3072 D SLocation: SensorHubWrapper - SemContextChanged type = 47, packet received
04-28 10:47:12.397  3072  5011 D SLocation: GeofenceCoreManager - received Extra Data from core, len : 5
04-28 10:47:12.397  3072  5011 D SLocation: GeofenceCoreManager - handleCommandCallback - GEOFENCE_REMOVE SUCCESS
04-28 10:47:12.397  3072  5011 I SLocation: SHardwareManager - handleRemoveCallback : GEOFENCE_SUCCESS, id = 15000
04-28 10:47:12.397  3072  5011 D SLocation: CommonCoreManager - received Extra Data from core, len : 5
04-28 10:47:12.398  3072  4546 D SemContextService: Service.updateContext() : service = SLocation Core
04-28 10:47:12.398  7885  7901 I [CE]_ActivityDataManagerImpl: loadState - StayInfo loaded
04-28 10:47:12.398  3072  3072 D SemContextManager: onSemContextChanged() : event = SLocation Core
04-28 10:47:12.398  3072  3072 D SLocation: SensorHubWrapper - SemContextChanged type = 47, packet received
04-28 10:47:12.398  3072  5011 D SLocation: GeofenceCoreManager - received Extra Data from core, len : 5
04-28 10:47:12.398  3072  5011 D SLocation: GeofenceCoreManager - handleCommandCallback - GEOFENCE_ADD SUCCESS
04-28 10:47:12.398  3072  5011 I SLocation: SHardwareManager - handleAddCallback : GEOFENCE_SUCCESS id = 15000
04-28 10:47:12.398  3072  5011 D SLocation: CommonCoreManager - received Extra Data from core, len : 5
04-28 10:47:12.400  7885  7901 I [CE]_ActivityDataManagerImpl: Scan receiver - Stay detected - start time : 1777308291799, end time : 1777362432398, timestamp : 1777362432398
04-28 10:47:12.401  7885  7901 I [CE]_RealtimeMovingContextProvider: onReceive - Not started
04-28 10:47:12.846 17123 30998 I NearbyMediums: No BLE Fast/GATT advertisements found in the latest cycle.
04-28 10:47:12.846 17123 30998 I NearbyMediums: Current Tracked Scanning Clients are : {NearbyConnections.EnvironmentMonitor, NearbySharing, NearbyConnections.TxAdvertisement}
04-28 10:47:12.882  3072  5011 D SLocation: WifiBssidMonitor - requestRefresh
04-28 10:47:12.883  3072  5011 W SLocation: WifiBssidMonitor - connected wifi : (64:6e:60:**:**:71/728)
04-28 10:47:12.893  3072  4701 D SemWifiSwitchForIndividualAppsService: isSkipNetworkCondition - result:2
04-28 10:47:12.896  1995 26340 I sensors-hal: handle_sns_std_sensor_event:90, light_cct: ts = 1556976253941259 ns; value = [80, 80, 33, 83, 57, 173, 0, 66, 16480, 93]
04-28 10:47:13.092  3072 14905 I AfterimageCompensationService: AfcThread mLuminance : 304 , AfpcPeriodCount : 2296 , rotation : 0 , AOD : false
04-28 10:47:13.095  3072 14905 I SurfaceComposerClient: captureDisplay:Display-4630946315032985731
04-28 10:47:13.099  2102  4418 I SurfaceFlinger: Capture layer list: 	 com.petpal.app/com.petpal.app.MainActivity$_30269#297755(seamlessTransition:0)
04-28 10:47:13.099  2102  4418 I SurfaceFlinger: Capture layer list: 	 StatusBar$_4796#111(seamlessTransition:0)
04-28 10:47:13.099  2102  4418 I SurfaceFlinger: Capture layer list: 	 com.sec.android.app.launcher/com.samsung.app.honeyspace.edge.edgepanel.app.CocktailBarService$_5210#297744(seamlessTransition:0)
04-28 10:47:13.100  2102  4418 I SurfaceFlinger: Capture layer list: 	 NavigationBar0$_4796#109(seamlessTransition:0)
04-28 10:47:13.100  2102  4418 I CompositionEngine: [setDisplaySize] size=(1440, 3120)
04-28 10:47:13.101  2102  4418 E HwcComposer: getLuts failed Status(-129, EX_TRANSACTION_FAILED): 'UNKNOWN_TRANSACTION: '
04-28 10:47:13.102  2102  2307 D RenderEngine: [SEC_SF_EFFECTS] drawLayersInternal,1483, Rendering layer ScreenCaptureFillLayer at index 0
04-28 10:47:13.102  2102  2307 D RenderEngine: [SEC_SF_EFFECTS] drawLayersInternal,1483, Rendering layer com.petpal.app/com.petpal.app.MainActivity$_30269#297755 at index 1
04-28 10:47:13.103  2102  2307 D RenderEngine: [SEC_SF_EFFECTS] drawLayersInternal,1483, Rendering layer StatusBar$_4796#111 at index 2
04-28 10:47:13.103  2102  2307 D RenderEngine: [SEC_SF_EFFECTS] drawLayersInternal,1483, Rendering layer com.sec.android.app.launcher/com.samsung.app.honeyspace.edge.edgepanel.app.CocktailBarService$_5210#297744 at index 3
04-28 10:47:13.104  2102  2307 D RenderEngine: [SEC_SF_EFFECTS] drawLayersInternal,1483, Rendering layer NavigationBar0$_4796#109 at index 4
04-28 10:47:13.120  3072 14905 D system_server: mAFPC_Read - w = 1440, h = 3120, s = 32, f = 4, s_size = 18370560, luminance = 304, count = 2296, captureOrientation = 0
04-28 10:47:13.299  2096  2148 E HeatmapThread: ECT Thread time in milliseconds: 1777362433
04-28 10:47:13.303  2096  2148 D HeatmapThread: !@ batteryplugType : 2
04-28 10:47:13.303  2096  2148 D HeatmapThread: !@ batteryLevel : 86  batteryTemperature : 378 
04-28 10:47:13.303  2096  2148 D HeatmapThread: !@ Heatmap currtime: 29622707
04-28 10:47:13.303  2096  2148 D HeatmapThread: !@ Heatmap prevtime: 29622680
04-28 10:47:13.303  2096  2148 D HeatmapThread: !@ Heatmap plugstarttime: 29622695
04-28 10:47:13.303  2096  2148 D HeatmapThread: !@ Heatmap prevv_dsoh_update_time: 29622508
04-28 10:47:13.303  2096  2148 E HeatmapThread: !@ CAM New BSOH: 100
04-28 10:47:13.519  1211  1211 D io_stats: !@   8,0 r 211121114 4226812996 w 53126439 1021850068 d 6838436 995008016 f 1576423 3506185 iot 33811748 0 th 0 0 0 pt 0 inp 0 0 864104.945
04-28 10:47:13.520  1211  1211 D io_stats: !@ Read_top(KB): ng.android.lool(14357) 1356 ng.android.scpm(29723) 1180 chbox:googleapp(20049) 1164
04-28 10:47:13.520  1211  1211 D io_stats: !@ Write_top(KB): jbd2/sda9-8(1172) 20 vendor.samsung.(2040) 16
04-28 10:47:13.536  1995 20473 I sensors-hal: handle_sns_client_event:375, [0][143514] accel_sample [ 0.196,  0.469,  9.928] 1556976882508082
04-28 10:47:13.696  1995  4777 I sensors-hal: handle_sns_std_sensor_event:131, [SSC_LIGHT] A: 80(80),c:1,b:173,m:13,cl:0,l:78,s:82,l0:16480,l1:1056,s0:16000,s1:0,acl:1,opr:0.32,f(r):70,u(bl):71,if:0,wi:3,si:0,po:195(N:0)
04-28 10:47:13.746  3072  4319 D ActivityManager: freezing 25175 com.samsung.android.globalpostprocmgr
04-28 10:47:13.752  8426  9263 I SDHMS:x : SIOP:: AP:378 BAT:378 USB:325 CHG:362 PA:378 WIFI:375 CF:372 BLK:0 SUBBAT:0 LRPTHM:369 SKIN:360 SKINF:347 SKINB:360 LRP2:360 LRF2:347 LRB2:360 AP2:359 CHG2:358 WIFI2:359 RCV2:340 SPK2:324 FCAM:324 UPSPK:371 DNSPK:322 VAP02:378 VWIFI:379 AMB2:279 AVGCUR:370 AVGSYS:168 POWER:1552
04-28 10:47:13.760  3072  3255 D ActivityManager: sync unfroze 25175 com.samsung.android.globalpostprocmgr for 3
04-28 10:47:13.760  1995  1995 I sensors-hal: set_config:64, no need to adjust sample_period_ns due to reporting_mode = 2
04-28 10:47:13.760  1995  1995 I sensors-hal: send_sensor_config_request:645, dt=ambient_light: convert sample_period=200000000 to batch_period=200000
04-28 10:47:13.760  1995  1995 I sensors-hal: send_sync_sensor_request:508, send sync request
04-28 10:47:13.760  1995  1995 I sensors-hal: send_sync_sensor_request:518, send_sync_sensor_request before send_request for ambient_light with SUID low=3046173514946711665 high=5156882063447517846
04-28 10:47:13.761  1995  1995 I sensors-hal: send_sync_sensor_request:537, wait for notification of response
04-28 10:47:13.761 25175 25217 I a       : [#GPP#] onReceive completed :  0
04-28 10:47:13.762 25175 25175 I c       : [#GPP#] EVENT_SIOP: 0 
04-28 10:47:13.762  3072  3072 D SemWifiP2pGoPowerSave: GopsReceiver : received : com.samsung.intent.action.CHECK_SIOP_LEVEL
04-28 10:47:13.762  3072  3072 I SemWifiP2pGoPowerSave: siop_level = 0
04-28 10:47:13.762 25175 25175 I o       : [#GPP#] Send sendSystemConditionChangeNotification 
04-28 10:47:13.762  1995  4777 I sensors-hal: qsh_conn_resp_cb:930, resp_value = 0 for ambient_light 
04-28 10:47:13.762  1995  1995 I sensors-hal: send_sync_sensor_request:543, takes 1 ms to receive the response with 0
04-28 10:47:13.762  1995  1995 I sensors-hal: batch:363, android.sensor.light/51, period=200000000, max_latency=0 request completed
04-28 10:47:13.763  5015 31593 D IpClient/wlan0: interfaceLinkStateChanged: ifindex 45 up
04-28 10:47:13.764  1995  1995 D SensorsFlicker: Als_common::setDelay, handle : 1 time : 10000000ns
04-28 10:47:13.764 15217 14670 I [SC]CtbDeviceRepository: updateSiopLevel. siopLevel: 0
04-28 10:47:13.764 15217 31121 I [SC][ConfigurationPolicyRepositoryImpl]: getConcurrency. concurrency: 4, siop level: 0
04-28 10:47:13.764 15217 31121 I [SC][SyncStarter]: Device thermal status updated to overheated: false
04-28 10:47:13.764  1995  1995 D SensorsFlicker: Als_common::enable, handle : 1, mode : 1, en : 1
04-28 10:47:13.765  1995 31122 D SensorsFlicker: Als_common::sendCommand, send enable command
04-28 10:47:13.765  3072  4911 D SemContextService: lock : registerCallback
04-28 10:47:13.766  3072  4911 W CAE     : registerCallback(ContextAwareService.java:188) - [regi 01] Mutex is locked for TEST_FLAT_MOTION
04-28 10:47:13.766  3072  4911 W CAE     : registerCallback(ContextAwareService.java:195) - [regi 04]  com.samsung.android.contextaware.ContextAwareManager$CaListenerDelegate@7bb16a5
04-28 10:47:13.766  3072  4911 W CAE     : getListener(ListenerListManager.java:127) - [getListener1]  com.samsung.android.contextaware.ContextAwareManager$CaListenerDelegate@7bb16a5
04-28 10:47:13.766  3072  4911 W CAE     : getListener(ListenerListManager.java:128) - [getListener2]  com.samsung.android.contextaware.manager.ContextAwareService$Listener@a4e0c9c
04-28 10:47:13.766  3072  4911 V CAE     : start(ContextProvider.java:128)
04-28 10:47:13.766  3072  4911 V CAE     : clear(TestFlatMotionRunner.java:126)
04-28 10:47:13.766  3072  4911 V CAE     : enable(TestFlatMotionRunner.java:102)
04-28 10:47:13.767  3072  4553 D SensorService: setSContextDataLocked ints length 2 , byte length 4
04-28 10:47:13.767  3072  4553 D SensorService: setSContextDataLocked 17b1
04-28 10:47:13.767  1995  1995 I sensors-hal: inject_sensor_data:407, handle 1502 send inject
04-28 10:47:13.767  1995  1995 I sensors-hal: sendContextData:290, sensor hal 4, (0xb1, 0x17, 0x0, 0x0)
04-28 10:47:13.767  1995  1995 I sensors-hal: sendContextData:349, enable:177, handle:8, algo:26279936
04-28 10:47:13.768  1995  1995 I sensors-hal: is_restrict_mode:147, mode:normal
04-28 10:47:13.768  1995  1995 I sensors-hal: sendContextData:108, device_position 4
04-28 10:47:13.768  1995  1995 I sensors-hal: acquire_qsh_interface:139, acquire_qsh_interface with sensor_id 46 , conn_type 2 
04-28 10:47:13.768  1995  1995 I sensors-hal: acquire_qsh_interface:149, returning _shared_instance[SHARED_SENSORHUBS].conn
04-28 10:47:13.768  1995  1995 I sensors-hal: acquire_shared_instance:173, re-use existing connection for type 2 
04-28 10:47:13.768  1995  1995 I sensors-hal: register_cb:304, suid(low=11077485164857655296,high=1320970896291267344) is new. register callbacks
04-28 10:47:13.768  1995  1995 I sensors-hal: create_sensor_config_request:48, device_position create_sensor_config_request
04-28 10:47:13.768  1995  1995 I sensors-hal: send_sensor_config_request:645, dt=device_position: convert sample_period=0 to batch_period=0
04-28 10:47:13.768  1995  1995 I sensors-hal: send_sync_sensor_request:508, send sync request
04-28 10:47:13.768  1995  1995 I sensors-hal: send_sync_sensor_request:518, send_sync_sensor_request before send_request for device_position with SUID low=11077485164857655296 high=1320970896291267344
04-28 10:47:13.768  1995  1995 I sensors-hal: send_sync_sensor_request:537, wait for notification of response
04-28 10:47:13.769  1995  4551 I sensors-hal: qsh_conn_resp_cb:930, resp_value = 0 for device_position 
04-28 10:47:13.769  1995  1995 I sensors-hal: send_sync_sensor_request:543, takes 0 ms to receive the response with 0
04-28 10:47:13.769  3072  4911 D CAE     : getFaultDetectionResult(TestFlatMotionRunner.java:139) - true
04-28 10:47:13.769  3072  4911 I CAE     : notifyCmdProcessResultObserver(ContextProvider.java:627) - CheckResult = 0, Cause = Success
04-28 10:47:13.772  3072  4911 D CAE     : doCommendProcess(ContextAwareService.java:396) - complete notify the operation result.
04-28 10:47:13.772  3072  4911 I CAE     : displayUsedCountForService(ContextAwareService.java:460) - totalCnt = 1, serviceCount = 1, subCollectionCount = 0
04-28 10:47:13.772  3072  4911 D CAE     : showListenerList(ContextAwareService.java:325) - ===== Context Aware Service List =====
04-28 10:47:13.772  3072  4911 I CAE     : showListenerList(ContextAwareService.java:334) - Listener : com.samsung.android.contextaware.manager.ContextAwareService$Listener@a4e0c9c, Service : SLOCATION_RUNNER(1)
04-28 10:47:13.772  3072  4911 I CAE     : showListenerList(ContextAwareService.java:334) - Listener : com.samsung.android.contextaware.manager.ContextAwareService$Listener@a4e0c9c, Service : CH_LOC_TRIGGER(1)
04-28 10:47:13.772  3072  4911 I CAE     : showListenerList(ContextAwareService.java:334) - Listener : com.samsung.android.contextaware.manager.ContextAwareService$Listener@a4e0c9c, Service : FREE_FALL_DETECTION(1)
04-28 10:47:13.772  3072  4911 I CAE     : showListenerList(ContextAwareService.java:334) - Listener : com.samsung.android.contextaware.manager.ContextAwareService$Listener@a4e0c9c, Service : TEST_FLAT_MOTION(1)
04-28 10:47:13.772  3072  4911 I CAE     : showListenerList(ContextAwareService.java:334) - Listener : com.samsung.android.contextaware.manager.ContextAwareService$Listener@a4e0c9c, Service : SENSOR_STATUS_CHECK_RUNNER(1)
04-28 10:47:13.772  3072  4911 I CAE     : showListenerList(ContextAwareService.java:334) - Listener : com.samsung.android.contextaware.manager.ContextAwareService$Listener@a4e0c9c, Service : PEDOMETER_CURRENT_INFO(1)
04-28 10:47:13.772  3072  4911 I CAE     : showListenerList(ContextAwareService.java:334) - Listener : com.samsung.android.contextaware.manager.ContextAwareService$Listener@a4e0c9c, Service : ACTIVITY_TRACKER_CURRENT_INFO(1)
04-28 10:47:13.772  3072  4911 I CAE     : showListenerList(ContextAwareService.java:334) - Listener : com.samsung.android.contextaware.manager.ContextAwareService$Listener@a4e0c9c, Service : ACTIVITY_TRACKER_INTERRUPT(1)
04-28 10:47:13.772  3072  4911 I CAE     : showListenerList(ContextAwareService.java:334) - Listener : com.samsung.android.contextaware.manager.ContextAwareService$Listener@a4e0c9c, Service : ACTIVITY_TRACKER_BATCH(1)
04-28 10:47:13.772  3072  4911 I CAE     : showListenerList(ContextAwareService.java:334) - Listener : com.samsung.android.contextaware.manager.ContextAwareService$Listener@a4e0c9c, Service : PEDOMETER(1)
04-28 10:47:13.772  3072  4911 W CAE     : registerCallback(ContextAwareService.java:209) - [regi 02] Mutex is unlocked for TEST_FLAT_MOTION
04-28 10:47:13.772  3072  4911 E SemContext.CaeProvider: setAttribute() : attribute is null!
04-28 10:47:13.772  3072  4911 D SemContextService: 	.registerCallback : 11, client= com.sec.android.sdhms
04-28 10:47:13.772  3072  4911 D SemContextService: unlock : registerCallback
04-28 10:47:13.773  3072  4287 E SensorService: BigData:Pakage) 5 already enabled. 
04-28 10:47:13.846  1995  1995 D SensorsFlicker: Als_common::setDelay, handle : 1 time : 10000000ns
04-28 10:47:13.848  1995  1995 D SensorsFlicker: Als_common::enable, handle : 1, mode : 1, en : 0
04-28 10:47:13.849  1995 31123 D SensorsFlicker: Als_common::sendCommand, send disable command
04-28 10:47:13.857  1995  1995 I sensors-hal: set_config:64, no need to adjust sample_period_ns due to reporting_mode = 2
04-28 10:47:13.857  1995  1995 I sensors-hal: batch:363, android.sensor.light/51, period=200000000, max_latency=0 request completed
04-28 10:47:13.858  3072  4287 E SensorService: BigData:Pakage) 5 already disabled. 
04-28 10:47:13.859  1995  1995 I sensors-hal: set_config:64, no need to adjust sample_period_ns due to reporting_mode = 2
04-28 10:47:13.859  1995  1995 I sensors-hal: send_sensor_config_request:645, dt=ambient_light: convert sample_period=250000000 to batch_period=250000
04-28 10:47:13.859  1995  1995 I sensors-hal: send_sync_sensor_request:508, send sync request
04-28 10:47:13.859  1995  1995 I sensors-hal: send_sync_sensor_request:518, send_sync_sensor_request before send_request for ambient_light with SUID low=3046173514946711665 high=5156882063447517846
04-28 10:47:13.859  1995  1995 I sensors-hal: send_sync_sensor_request:537, wait for notification of response
04-28 10:47:13.861  1995  4777 I sensors-hal: qsh_conn_resp_cb:930, resp_value = 0 for ambient_light 
04-28 10:47:13.861  1995  1995 I sensors-hal: send_sync_sensor_request:543, takes 1 ms to receive the response with 0
04-28 10:47:13.861  1995  1995 I sensors-hal: batch:363, android.sensor.light/51, period=250000000, max_latency=0 request completed
04-28 10:47:13.910  3072  4701 D SemWifiSwitchForIndividualAppsService: isSkipNetworkCondition - result:2
04-28 10:47:14.051  1995  4551 I sensors-hal: qsh_conn_event_cb:857, SCHED_FIFO(10) for qmi_cbk
04-28 10:47:14.051  1995  4551 I sensors-hal: qsh_conn_event_cb:890, event[0] sensor:device_position  Wakeup, msg_id=1025, ts=29894067264886
04-28 10:47:14.051  1995  4551 I sensors-hal: handle_sns_client_event:78, device_position_event: msgid:1025
04-28 10:47:14.051  1995  4551 I sensors-hal: handle_sns_client_event:97, device_position_event: 1
04-28 10:47:14.056  3072  4549 D CAE     : onGetSensorHubData(SensorHubParserProvider.java:92) - onGetSensorHubData Event [event buffer len :4], AP_WAKEUP
04-28 10:47:14.056  3072  4549 I CAE     : parse(SensorHubParserProvider.java:188) - buffer size = 4
04-28 10:47:14.057  3072  4549 I CAE     : parse(SensorHubParserProvider.java:199) - 1, 1, 23, 1,
04-28 10:47:14.057  3072  4549 D CAE     : display(ContextProvider.java:375) - ================= TEST_FLAT_MOTION =================
04-28 10:47:14.058  3072  4549 I CAE     : display(ContextProvider.java:391) - Action=[1]
04-28 10:47:14.059  3072  4546 D SemContextService: Service.updateContext() : service = Device Position
04-28 10:47:14.060  3072  4287 D SemContextService: lock : unregisterCallback
04-28 10:47:14.061  3072  4287 D SemContextService: Service.removeListenerLocked() : listener = com.samsung.android.hardware.context.SemContextService$Listener@f082384, service = Device Position, used = 0
04-28 10:47:14.061  3072  4287 W CAE     : unregisterCallback(ContextAwareService.java:230) - [unregi 01] Mutex is locked for TEST_FLAT_MOTION
04-28 10:47:14.061  3072  4287 W CAE     : getListener(ListenerListManager.java:127) - [getListener1]  com.samsung.android.contextaware.ContextAwareManager$CaListenerDelegate@7bb16a5
04-28 10:47:14.061  3072  4287 W CAE     : getListener(ListenerListManager.java:128) - [getListener2]  com.samsung.android.contextaware.manager.ContextAwareService$Listener@a4e0c9c
04-28 10:47:14.061  3072  4287 V CAE     : stop(ContextProvider.java:155)
04-28 10:47:14.061  3072  4287 V CAE     : clear(TestFlatMotionRunner.java:126)
04-28 10:47:14.062  3072  4287 V CAE     : disable(TestFlatMotionRunner.java:115)
04-28 10:47:14.062  3072  4553 D SensorService: setSContextDataLocked ints length 2 , byte length 4
04-28 10:47:14.062  3072  4553 D SensorService: setSContextDataLocked 17b2
04-28 10:47:14.063  1995  1995 I sensors-hal: inject_sensor_data:407, handle 1502 send inject
04-28 10:47:14.063  1995  1995 I sensors-hal: sendContextData:290, sensor hal 4, (0xb2, 0x17, 0x0, 0x0)
04-28 10:47:14.063  1995  1995 I sensors-hal: sendContextData:349, enable:178, handle:8, algo:26280192
04-28 10:47:14.063  1995  1995 I sensors-hal: sendContextData:108, device_position 4
04-28 10:47:14.063  1995  1995 I sensors-hal: send_sync_sensor_request:508, send sync request
04-28 10:47:14.063  1995  1995 I sensors-hal: send_sync_sensor_request:518, send_sync_sensor_request before send_request for device_position with SUID low=11077485164857655296 high=1320970896291267344
04-28 10:47:14.063  1995  1995 I sensors-hal: send_sync_sensor_request:537, wait for notification of response
04-28 10:47:14.064  1995  4551 I sensors-hal: qsh_conn_resp_cb:930, resp_value = 0 for device_position 
04-28 10:47:14.065  1995  1995 I sensors-hal: send_sync_sensor_request:543, takes 1 ms to receive the response with 0
04-28 10:47:14.065  3072  4287 D CAE     : getFaultDetectionResult(TestFlatMotionRunner.java:139) - true
04-28 10:47:14.065  3072  4287 I CAE     : notifyCmdProcessResultObserver(ContextProvider.java:627) - CheckResult = 0, Cause = Success
04-28 10:47:14.068  3072  4287 D CAE     : doCommendProcess(ContextAwareService.java:396) - complete notify the operation result.
04-28 10:47:14.069  3072  4287 I CAE     : displayUsedCountForService(ContextAwareService.java:460) - totalCnt = 0, serviceCount = 0, subCollectionCount = 0
04-28 10:47:14.069  3072  4287 D CAE     : showListenerList(ContextAwareService.java:325) - ===== Context Aware Service List =====
04-28 10:47:14.069  3072  4287 I CAE     : showListenerList(ContextAwareService.java:334) - Listener : com.samsung.android.contextaware.manager.ContextAwareService$Listener@a4e0c9c, Service : SLOCATION_RUNNER(1)
04-28 10:47:14.069  3072  4287 I CAE     : showListenerList(ContextAwareService.java:334) - Listener : com.samsung.android.contextaware.manager.ContextAwareService$Listener@a4e0c9c, Service : CH_LOC_TRIGGER(1)
04-28 10:47:14.069  3072  4287 I CAE     : showListenerList(ContextAwareService.java:334) - Listener : com.samsung.android.contextaware.manager.ContextAwareService$Listener@a4e0c9c, Service : FREE_FALL_DETECTION(1)
04-28 10:47:14.069  3072  4287 I CAE     : showListenerList(ContextAwareService.java:334) - Listener : com.samsung.android.contextaware.manager.ContextAwareService$Listener@a4e0c9c, Service : SENSOR_STATUS_CHECK_RUNNER(1)
04-28 10:47:14.069  3072  4287 I CAE     : showListenerList(ContextAwareService.java:334) - Listener : com.samsung.android.contextaware.manager.ContextAwareService$Listener@a4e0c9c, Service : PEDOMETER_CURRENT_INFO(1)
04-28 10:47:14.069  3072  4287 I CAE     : showListenerList(ContextAwareService.java:334) - Listener : com.samsung.android.contextaware.manager.ContextAwareService$Listener@a4e0c9c, Service : ACTIVITY_TRACKER_CURRENT_INFO(1)
04-28 10:47:14.069  3072  4287 I CAE     : showListenerList(ContextAwareService.java:334) - Listener : com.samsung.android.contextaware.manager.ContextAwareService$Listener@a4e0c9c, Service : ACTIVITY_TRACKER_INTERRUPT(1)
04-28 10:47:14.069  3072  4287 I CAE     : showListenerList(ContextAwareService.java:334) - Listener : com.samsung.android.contextaware.manager.ContextAwareService$Listener@a4e0c9c, Service : ACTIVITY_TRACKER_BATCH(1)
